Component: ARM Compiler 5.06 update 6 (build 750) Tool: armlink [4d35ed]

==============================================================================

Section Cross References

    startup_stm32f10x_hd.o(STACK) refers (Special) to heapauxi.o(.text) for __use_two_region_memory
    startup_stm32f10x_hd.o(HEAP) refers (Special) to heapauxi.o(.text) for __use_two_region_memory
    startup_stm32f10x_hd.o(RESET) refers (Special) to heapauxi.o(.text) for __use_two_region_memory
    startup_stm32f10x_hd.o(RESET) refers to startup_stm32f10x_hd.o(STACK) for __initial_sp
    startup_stm32f10x_hd.o(RESET) refers to startup_stm32f10x_hd.o(.text) for Reset_Handler
    startup_stm32f10x_hd.o(RESET) refers to stm32f10x_it.o(.text) for NMI_Handler
    startup_stm32f10x_hd.o(RESET) refers to los_dispatch_keil.o(.text) for PendSV_Handler
    startup_stm32f10x_hd.o(RESET) refers to los_hwi.o(.text) for SysTick_Handler
    startup_stm32f10x_hd.o(.text) refers (Special) to heapauxi.o(.text) for __use_two_region_memory
    startup_stm32f10x_hd.o(.text) refers to system_stm32f10x.o(.text) for SystemInit
    startup_stm32f10x_hd.o(.text) refers to __main.o(!!!main) for __main
    startup_stm32f10x_hd.o(.text) refers to startup_stm32f10x_hd.o(HEAP) for Heap_Mem
    startup_stm32f10x_hd.o(.text) refers to startup_stm32f10x_hd.o(STACK) for Stack_Mem
    system_stm32f10x.o(.text) refers to system_stm32f10x.o(.data) for SystemCoreClock
    main.o(.text) refers to stm32f10x_gpio.o(.text) for GPIO_ReadOutputDataBit
    main.o(.text) refers to los_task.o(.text) for LOS_TaskDelay
    main.o(.text) refers to misc.o(.text) for NVIC_PriorityGroupConfig
    main.o(.text) refers to led.o(.text) for LED_Init
    main.o(.text) refers to los_init.o(.text) for LOS_KernelInit
    main.o(.text) refers to noretval__2printf.o(.text) for __2printf
    main.o(.text) refers to main.o(.data) for Task1_Handle
    cmsis_liteos.o(.text) refers to los_hwi.o(.text) for osIntNumGet
    cmsis_liteos.o(.text) refers to los_init.o(.text) for LOS_KernelInit
    cmsis_liteos.o(.text) refers to rt_memcpy_v6.o(.text) for __aeabi_memcpy
    cmsis_liteos.o(.text) refers to los_task.o(.text) for LOS_TaskLock
    cmsis_liteos.o(.text) refers to los_dispatch_keil.o(.text) for LOS_IntLock
    cmsis_liteos.o(.text) refers to los_hw_tick.o(.text) for LOS_GetSystickCycle
    cmsis_liteos.o(.text) refers to rt_memclr_w.o(.text) for __aeabi_memclr4
    cmsis_liteos.o(.text) refers to cmsis_liteos.o(.data) for KernelState
    cmsis_liteos.o(.text) refers to cmsis_liteos.o(.constdata) for g_stLosVersion
    cmsis_liteos.o(.text) refers to los_task.o(.data) for g_bTaskScheduled
    cmsis_liteos.o(.text) refers to los_tick.o(.data) for g_ullTickCount
    cmsis_liteos.o(.text) refers to system_stm32f10x.o(.data) for SystemCoreClock
    cmsis_liteos.o(.text) refers to los_swtmr.o(.text) for LOS_SwtmrCreate
    cmsis_liteos.o(.text) refers to los_sys.o(.text) for LOS_Tick2MS
    cmsis_liteos.o(.text) refers to los_memory.o(.text) for LOS_MemAlloc
    cmsis_liteos.o(.text) refers to los_event.o(.text) for LOS_EventInit
    cmsis_liteos.o(.text) refers to los_swtmr.o(.data) for m_pstSwtmrCBArray
    cmsis_liteos.o(.text) refers to los_init.o(.data) for m_aucSysMem0
    cmsis_liteos.o(.text) refers to los_mux.o(.text) for LOS_MuxCreate
    cmsis_liteos.o(.text) refers to los_sem.o(.text) for LOS_BinarySemCreate
    cmsis_liteos.o(.text) refers to los_queue.o(.text) for LOS_QueueCreate
    cmsis_liteos.o(.text) refers to los_mux.o(.data) for g_pstAllMux
    cmsis_liteos.o(.text) refers to los_sem.o(.data) for g_pstAllSem
    cmsis_liteos.o(.text) refers to los_queue.o(.data) for g_pstAllQueue
    los_priqueue.o(.text) refers to los_memory.o(.text) for LOS_MemAlloc
    los_priqueue.o(.text) refers to los_init.o(.data) for m_aucSysMem0
    los_priqueue.o(.text) refers to los_priqueue.o(.data) for g_pstLosPriorityQueueList
    los_swtmr.o(.text) refers to los_queue.o(.text) for LOS_QueueReadCopy
    los_swtmr.o(.text) refers to los_sys.o(.text) for LOS_TickCountGet
    los_swtmr.o(.text) refers to rt_memclr_w.o(.text) for __aeabi_memclr4
    los_swtmr.o(.text) refers to los_task.o(.text) for LOS_TaskCreate
    los_swtmr.o(.text) refers to los_memory.o(.text) for LOS_MemAlloc
    los_swtmr.o(.text) refers to los_swtmr.o(.data) for m_uwSwTmrHandlerQueue
    los_swtmr.o(.text) refers to los_task.o(.data) for g_uwSwtmrTaskID
    los_swtmr.o(.text) refers to los_swtmr.o(.bss) for m_uwSwTmrAlignID
    los_swtmr.o(.text) refers to los_init.o(.data) for m_aucSysMem0
    los_swtmr.o(.text) refers to los_dispatch_keil.o(.text) for LOS_IntLock
    los_sys.o(.text) refers to lludivv7m.o(.text) for __aeabi_uldivmod
    los_sys.o(.text) refers to dflt_clz.o(x$fpl$dfltu) for __aeabi_ui2d
    los_sys.o(.text) refers to ddiv.o(x$fpl$ddiv) for __aeabi_ddiv
    los_sys.o(.text) refers to dfltll_clz.o(x$fpl$dfltull) for __aeabi_ul2d
    los_sys.o(.text) refers to dfixull.o(x$fpl$llufromd) for __aeabi_d2ulz
[...]
    .text                                    0x08005d7c   Section        8  rt_heap_descriptor_intlibspace.o(.text)
    .text                                    0x08005d84   Section        0  hguard.o(.text)
    .text                                    0x08005d88   Section        0  init_alloc.o(.text)
    .text                                    0x08005e12   Section        0  h1_alloc.o(.text)
    .text                                    0x08005e70   Section        0  fseek.o(.text)
    .text                                    0x08005f68   Section        0  stdio.o(.text)
    .text                                    0x08006058   Section        0  defsig_exit.o(.text)
    .text                                    0x08006064   Section        0  defsig_rtred_inner.o(.text)
    .text                                    0x08006098   Section        0  strlen.o(.text)
    .text                                    0x080060d8   Section        0  sys_exit.o(.text)
    .text                                    0x080060e4   Section        0  h1_init.o(.text)
    .text                                    0x080060f2   Section        0  h1_extend.o(.text)
    .text                                    0x08006126   Section        0  ftell.o(.text)
    .text                                    0x08006168   Section        0  defsig_general.o(.text)
    .text                                    0x0800619a   Section        0  defsig_rtmem_outer.o(.text)
    .text                                    0x080061a8   Section        0  sys_wrch.o(.text)
    .text                                    0x080061b8   Section        8  rt_errno_addr_intlibspace.o(.text)
    .text                                    0x080061c0   Section        0  defsig_rtmem_inner.o(.text)
    i._is_digit                              0x08006210   Section        0  __printf_wp.o(i._is_digit)
    i.fputc                                  0x0800621e   Section        0  fputc.o(i.fputc)
    i.osAtomicBitsetGetNumBits               0x08006238   Section        0  los_slab.o(i.osAtomicBitsetGetNumBits)
    x$fpl$ddiv                               0x08006240   Section      688  ddiv.o(x$fpl$ddiv)
    ddiv_entry                               0x08006247   Thumb Code     0  ddiv.o(x$fpl$ddiv)
    x$fpl$dfltu                              0x080064f0   Section       38  dflt_clz.o(x$fpl$dfltu)
    x$fpl$dfltull                            0x08006518   Section      138  dfltll_clz.o(x$fpl$dfltull)
    x$fpl$dnaninf                            0x080065a2   Section      156  dnaninf.o(x$fpl$dnaninf)
    x$fpl$dretinf                            0x0800663e   Section       12  dretinf.o(x$fpl$dretinf)
    x$fpl$llufromd                           0x0800664c   Section      120  dfixull.o(x$fpl$llufromd)
    .constdata                               0x080066c4   Section       40  _printf_hex_int_ptr.o(.constdata)
    x$fpl$usenofp                            0x080066c4   Section        0  usenofp.o(x$fpl$usenofp)
    uc_hextab                                0x080066c4   Data          20  _printf_hex_int_ptr.o(.constdata)
    lc_hextab                                0x080066d8   Data          20  _printf_hex_int_ptr.o(.constdata)
    .constdata                               0x080066ec   Section       17  __printf_flags_wp.o(.constdata)
    maptable                                 0x080066ec   Data          17  __printf_flags_wp.o(.constdata)
    .constdata                               0x080066fd   Section        4  sys_io.o(.constdata)
    .constdata                               0x08006701   Section        4  sys_io.o(.constdata)
    .constdata                               0x08006705   Section        4  sys_io.o(.constdata)
    .conststring                             0x0800670c   Section      336  los_task.o(.conststring)
    .data                                    0x20000000   Section       20  system_stm32f10x.o(.data)
    .data                                    0x20000014   Section        4  main.o(.data)
    .data                                    0x20000018   Section        8  los_priqueue.o(.data)
    g_uwPriQueueBitmap                       0x2000001c   Data           4  los_priqueue.o(.data)
    .data                                    0x20000020   Section       28  los_swtmr.o(.data)
    m_uwSwtimerRousesTime                    0x20000030   Data           4  los_swtmr.o(.data)
    m_pstRouses                              0x20000034   Data           4  los_swtmr.o(.data)
    m_pstRousesPrev                          0x20000038   Data           4  los_swtmr.o(.data)
    .data                                    0x2000003c   Section       72  los_task.o(.data)
    .data                                    0x20000088   Section       28  los_tick.o(.data)
    .data                                    0x200000a4   Section        8  los_timeslice.o(.data)
    .data                                    0x200000ac   Section       12  los_mux.o(.data)
    .data                                    0x200000b8   Section       12  los_queue.o(.data)
    .data                                    0x200000c4   Section       12  los_sem.o(.data)
    .data                                    0x200000d0   Section       16  los_heap.o(.data)
    g_uwAllocCount                           0x200000d0   Data           4  los_heap.o(.data)
    g_uwFreeCount                            0x200000d4   Data           4  los_heap.o(.data)
    g_uwCurHeapUsed                          0x200000d8   Data           4  los_heap.o(.data)
    g_uwMaxHeapUsed                          0x200000dc   Data           4  los_heap.o(.data)
    .data                                    0x200000e0   Section        4  los_err.o(.data)
    .data                                    0x200000e4   Section        4  los_init.o(.data)
    .data                                    0x200000e8   Section        4  los_memory.o(.data)
    .data                                    0x200000ec   Section       20  stm32f10x_rcc.o(.data)
    APBAHBPrescTable                         0x200000ec   Data          16  stm32f10x_rcc.o(.data)
    ADCPrescTable                            0x200000fc   Data           4  stm32f10x_rcc.o(.data)
    .data                                    0x20000100   Section        4  stdio_streams.o(.data)
    .data                                    0x20000104   Section        4  stdio_streams.o(.data)
    .data                                    0x20000108   Section        4  stdio_streams.o(.data)
    .bss                                     0x2000010c   Section       64  los_swtmr.o(.bss)
    .bss                                     0x2000014c   Section      342  los_task.o(.bss)
    .bss                                     0x200002a4   Section       84  stdio_streams.o(.bss)
    .bss                                     0x200002f8   Section       84  stdio_streams.o(.bss)
    .bss                                     0x2000034c   Section       84  stdio_streams.o(.bss)
    .bss                                     0x200003a0   Section       96  libspace.o(.bss)
    HEAP                                     0x20000400   Section      512  startup_stm32f10x_hd.o(HEAP)
    Heap_Mem                                 0x20000400   Data         512  startup_stm32f10x_hd.o(HEAP)
    STACK                                    0x20000600   Section     1024  startup_stm32f10x_hd.o(STACK)
    Stack_Mem                                0x20000600   Data        1024  startup_stm32f10x_hd.o(STACK)
    __initial_sp                             0x20000a00   Data           0  startup_stm32f10x_hd.o(STACK)

    Global Symbols

    Symbol Name                              Value     Ov Type        Size  Object(Section)

    BuildAttributes$$THM_ISAv4$P$D$K$B$S$PE$A:L22UL41UL21$X:L11$S22US41US21$IEEE1$IW$USESV6$~STKCKD$USESV7$~SHL$OTIME$ROPI$EBA8$UX$STANDARDLIB$REQ8$PRES8$EABIv2 0x00000000   Number         0  anon$$obj.o ABSOLUTE
    __ARM_use_no_argv                        0x00000000   Number         0  main.o ABSOLUTE
    _printf_flags                            0x00000000   Number         0  printf_stubs.o ABSOLUTE
    _printf_return_value                     0x00000000   Number         0  printf_stubs.o ABSOLUTE
    _printf_sizespec                         0x00000000   Number         0  printf_stubs.o ABSOLUTE
    _printf_widthprec                        0x00000000   Number         0  printf_stubs.o ABSOLUTE
    __ARM_exceptions_init                     - Undefined Weak Reference
    __alloca_initialize                       - Undefined Weak Reference
    __arm_preinit_                            - Undefined Weak Reference
    __cpp_initialize__aeabi_                  - Undefined Weak Reference
    __cxa_finalize                            - Undefined Weak Reference
    __rt_locale                               - Undefined Weak Reference
    __sigvec_lookup                           - Undefined Weak Reference
    __user_heap_extent                        - Undefined Weak Reference
    _atexit_init                              - Undefined Weak Reference
    _call_atexit_fns                          - Undefined Weak Reference
    _clock_init                               - Undefined Weak Reference
    _fp_trap_init                             - Undefined Weak Reference
    _fp_trap_shutdown                         - Undefined Weak Reference
    _get_lc_collate                           - Undefined Weak Reference
    _get_lc_ctype                             - Undefined Weak Reference
    _get_lc_monetary                          - Undefined Weak Reference
    _get_lc_numeric                           - Undefined Weak Reference
    _get_lc_time                              - Undefined Weak Reference
    _getenv_init                              - Undefined Weak Reference
    _handle_redirection                       - Undefined Weak Reference
    _mutex_acquire                            - Undefined Weak Reference
    _mutex_free                               - Undefined Weak Reference
    _mutex_release                            - Undefined Weak Reference
    _printf_mbtowc                            - Undefined Weak Reference
    _printf_truncate_signed                   - Undefined Weak Reference
    _printf_truncate_unsigned                 - Undefined Weak Reference
    _rand_init                                - Undefined Weak Reference
    _signal_finish                            - Undefined Weak Reference
    _signal_init                              - Undefined Weak Reference
    __Vectors_Size                           0x00000130   Number         0  startup_stm32f10x_hd.o ABSOLUTE
    __Vectors                                0x08000000   Data           4  startup_stm32f10x_hd.o(RESET)
    __Vectors_End                            0x08000130   Data           0  startup_stm32f10x_hd.o(RESET)
    __main                                   0x08000131   Thumb Code     8  __main.o(!!!main)
    __scatterload                            0x08000139   Thumb Code     0  __scatter.o(!!!scatter)
    __scatterload_rt2                        0x08000139   Thumb Code    44  __scatter.o(!!!scatter)
    __scatterload_rt2_thumb_only             0x08000139   Thumb Code     0  __scatter.o(!!!scatter)
    __scatterload_null                       0x08000147   Thumb Code     0  __scatter.o(!!!scatter)
    __scatterload_copy                       0x0800016d   Thumb Code    26  __scatter_copy.o(!!handler_copy)
    __scatterload_zeroinit                   0x08000189   Thumb Code    28  __scatter_zi.o(!!handler_zi)
    _printf_p                                0x080001a5   Thumb Code     0  _printf_p.o(.ARM.Collect$$_printf_percent$$00000002)
    _printf_percent                          0x080001a5   Thumb Code     0  _printf_percent.o(.ARM.Collect$$_printf_percent$$00000000)
    _printf_d                                0x080001ab   Thumb Code     0  _printf_d.o(.ARM.Collect$$_printf_percent$$00000009)
    _printf_x                                0x080001b1   Thumb Code     0  _printf_x.o(.ARM.Collect$$_printf_percent$$0000000C)
    _printf_s                                0x080001b7   Thumb Code     0  _printf_s.o(.ARM.Collect$$_printf_percent$$00000014)
    _printf_percent_end                      0x080001bd   Thumb Code     0  _printf_percent_end.o(.ARM.Collect$$_printf_percent$$00000017)
    __rt_lib_init                            0x080001c1   Thumb Code     0  libinit.o(.ARM.Collect$$libinit$$00000000)
    __rt_lib_init_fp_1                       0x080001c3   Thumb Code     0  libinit2.o(.ARM.Collect$$libinit$$00000002)
    __rt_lib_init_heap_2                     0x080001c3   Thumb Code     0  libinit2.o(.ARM.Collect$$libinit$$00000005)
    __rt_lib_init_preinit_1                  0x080001c3   Thumb Code     0  libinit2.o(.ARM.Collect$$libinit$$00000004)
    __rt_lib_init_atexit_1                   0x080001cb   Thumb Code     0  libinit2.o(.ARM.Collect$$libinit$$0000001B)
    __rt_lib_init_clock_1                    0x080001cb   Thumb Code     0  libinit2.o(.ARM.Collect$$libinit$$00000021)
    __rt_lib_init_fp_trap_1                  0x080001cb   Thumb Code     0  libinit2.o(.ARM.Collect$$libinit$$0000001F)
    __rt_lib_init_getenv_1                   0x080001cb   Thumb Code     0  libinit2.o(.ARM.Collect$$libinit$$00000023)
    __rt_lib_init_heap_1                     0x080001cb   Thumb Code     0  libinit2.o(.ARM.Collect$$libinit$$0000000A)
    __rt_lib_init_lc_collate_1               0x080001cb   Thumb Code     0  libinit2.o(.ARM.Collect$$libinit$$00000011)
    __rt_lib_init_lc_ctype_1                 0x080001cb   Thumb Code     0  libinit2.o(.ARM.Collect$$libinit$$00000013)
    __rt_lib_init_lc_monetary_1              0x080001cb   Thumb Code     0  libinit2.o(.ARM.Collect$$libinit$$00000015)
    __rt_lib_init_lc_numeric_1               0x080001cb   Thumb Code     0  libinit2.o(.ARM.Collect$$libinit$$00000017)
    __rt_lib_init_lc_time_1                  0x080001cb   Thumb Code     0  libinit2.o(.ARM.Collect$$libinit$$00000019)
    __rt_lib_init_rand_1                     0x080001cb   Thumb Code     0  libinit2.o(.ARM.Collect$$libinit$$0000000E)
    __rt_lib_init_signal_1                   0x080001cb   Thumb Code     0  libinit2.o(.ARM.Collect$$libinit$$0000001D)
    __rt_lib_init_stdio_2                    0x080001cb   Thumb Code     0  libinit2.o(.ARM.Collect$$libinit$$00000024)
    __rt_lib_init_user_alloc_1               0x080001cb   Thumb Code     0  libinit2.o(.ARM.Collect$$libinit$$0000000C)
    __rt_lib_init_alloca_1                   0x080001cf   Thumb Code     0  libinit2.o(.ARM.Collect$$libinit$$0000002E)
    __rt_lib_init_argv_1                     0x080001cf   Thumb Code     0  libinit2.o(.ARM.Collect$$libinit$$0000002C)
    __rt_lib_init_cpp_1                      0x080001cf   Thumb Code     0  libinit2.o(.ARM.Collect$$libinit$$00000032)
    __rt_lib_init_exceptions_1               0x080001cf   Thumb Code     0  libinit2.o(.ARM.Collect$$libinit$$00000030)
    __rt_lib_init_return                     0x080001cf   Thumb Code     0  libinit2.o(.ARM.Collect$$libinit$$00000033)
    __rt_lib_init_stdio_1                    0x080001cf   Thumb Code     0  libinit2.o(.ARM.Collect$$libinit$$00000025)
    __rt_lib_shutdown                        0x080001d1   Thumb Code     0  libshutdown.o(.ARM.Collect$$libshutdown$$00000000)
    __rt_lib_shutdown_cpp_1                  0x080001d3   Thumb Code     0  libshutdown2.o(.ARM.Collect$$libshutdown$$00000002)
    __rt_lib_shutdown_stdio_2                0x080001d3   Thumb Code     0  libshutdown2.o(.ARM.Collect$$libshutdown$$00000003)
    __rt_lib_shutdown_fp_trap_1              0x080001d7   Thumb Code     0  libshutdown2.o(.ARM.Collect$$libshutdown$$00000007)
    __rt_lib_shutdown_heap_1                 0x080001d7   Thumb Code     0  libshutdown2.o(.ARM.Collect$$libshutdown$$0000000F)
    __rt_lib_shutdown_return                 0x080001d7   Thumb Code     0  libshutdown2.o(.ARM.Collect$$libshutdown$$00000010)
    __rt_lib_shutdown_signal_1               0x080001d7   Thumb Code     0  libshutdown2.o(.ARM.Collect$$libshutdown$$0000000A)
    __rt_lib_shutdown_stdio_1                0x080001d7   Thumb Code     0  libshutdown2.o(.ARM.Collect$$libshutdown$$00000004)
    __rt_lib_shutdown_user_alloc_1           0x080001d7   Thumb Code     0  libshutdown2.o(.ARM.Collect$$libshutdown$$0000000C)
    __rt_entry                               0x080001d9   Thumb Code     0  __rtentry.o(.ARM.Collect$$rtentry$$00000000)
    __rt_entry_presh_1                       0x080001d9   Thumb Code     0  __rtentry2.o(.ARM.Collect$$rtentry$$00000002)
    __rt_entry_sh                            0x080001d9   Thumb Code     0  __rtentry4.o(.ARM.Collect$$rtentry$$00000004)
    __rt_entry_li                            0x080001df   Thumb Code     0  __rtentry2.o(.ARM.Collect$$rtentry$$0000000A)
    __rt_entry_postsh_1                      0x080001df   Thumb Code     0  __rtentry2.o(.ARM.Collect$$rtentry$$00000009)
    __rt_entry_main                          0x080001e3   Thumb Code     0  __rtentry2.o(.ARM.Collect$$rtentry$$0000000D)
    __rt_entry_postli_1                      0x080001e3   Thumb Code     0  __rtentry2.o(.ARM.Collect$$rtentry$$0000000C)
    __rt_exit                                0x080001eb   Thumb Code     0  rtexit.o(.ARM.Collect$$rtexit$$00000000)
    __rt_exit_ls                             0x080001ed   Thumb Code     0  rtexit2.o(.ARM.Collect$$rtexit$$00000003)
    __rt_exit_prels_1                        0x080001ed   Thumb Code     0  rtexit2.o(.ARM.Collect$$rtexit$$00000002)
    __rt_exit_exit                           0x080001f1   Thumb Code     0  rtexit2.o(.ARM.Collect$$rtexit$$00000004)
    Reset_Handler                            0x080001f9   Thumb Code     8  startup_stm32f10x_hd.o(.text)
    _maybe_terminate_alloc                   0x080001f9   Thumb Code     0  maybetermalloc1.o(.emb_text)
    ADC1_2_IRQHandler                        0x08000213   Thumb Code     0  startup_stm32f10x_hd.o(.text)
    ADC3_IRQHandler                          0x08000213   Thumb Code     0  startup_stm32f10x_hd.o(.text)
    CAN1_RX1_IRQHandler                      0x08000213   Thumb Code     0  startup_stm32f10x_hd.o(.text)
    CAN1_SCE_IRQHandler                      0x08000213   Thumb Code     0  startup_stm32f10x_hd.o(.text)
    DMA1_Channel1_IRQHandler                 0x08000213   Thumb Code     0  startup_stm32f10x_hd.o(.text)
    DMA1_Channel2_IRQHandler                 0x08000213   Thumb Code     0  startup_stm32f10x_hd.o(.text)
    DMA1_Channel3_IRQHandler                 0x08000213   Thumb Code     0  startup_stm32f10x_hd.o(.text)
    DMA1_Channel4_IRQHandler                 0x08000213   Thumb Code     0  startup_stm32f10x_hd.o(.text)
    DMA1_Channel5_IRQHandler                 0x08000213   Thumb Code     0  startup_stm32f10x_hd.o(.text)
    DMA1_Channel6_IRQHandler                 0x08000213   Thumb Code     0  startup_stm32f10x_hd.o(.text)
    DMA1_Channel7_IRQHandler                 0x08000213   Thumb Code     0  startup_stm32f10x_hd.o(.text)
    DMA2_Channel1_IRQHandler                 0x08000213   Thumb Code     0  startup_stm32f10x_hd.o(.text)
    DMA2_Channel2_IRQHandler                 0x08000213   Thumb Code     0  startup_stm32f10x_hd.o(.text)
    DMA2_Channel3_IRQHandler                 0x08000213   Thumb Code     0  startup_stm32f10x_hd.o(.text)
    DMA2_Channel4_5_IRQHandler               0x08000213   Thumb Code     0  startup_stm32f10x_hd.o(.text)
    EXTI0_IRQHandler                         0x08000213   Thumb Code     0  startup_stm32f10x_hd.o(.text)
    EXTI15_10_IRQHandler                     0x08000213   Thumb Code     0  startup_stm32f10x_hd.o(.text)
    EXTI1_IRQHandler                         0x08000213   Thumb Code     0  startup_stm32f10x_hd.o(.text)
    EXTI2_IRQHandler                         0x08000213   Thumb Code     0  startup_stm32f10x_hd.o(.text)
    EXTI3_IRQHandler                         0x08000213   Thumb Code     0  startup_stm32f10x_hd.o(.text)
    EXTI4_IRQHandler                         0x08000213   Thumb Code     0  startup_stm32f10x_hd.o(.text)
    EXTI9_5_IRQHandler                       0x08000213   Thumb Code     0  startup_stm32f10x_hd.o(.text)
    FLASH_IRQHandler                         0x08000213   Thumb Code     0  startup_stm32f10x_hd.o(.text)
    FSMC_IRQHandler                          0x08000213   Thumb Code     0  startup_stm32f10x_hd.o(.text)
    I2C1_ER_IRQHandler                       0x08000213   Thumb Code     0  startup_stm32f10x_hd.o(.text)
    I2C1_EV_IRQHandler                       0x08000213   Thumb Code     0  startup_stm32f10x_hd.o(.text)
    I2C2_ER_IRQHandler                       0x08000213   Thumb Code     0  startup_stm32f10x_hd.o(.text)
    I2C2_EV_IRQHandler                       0x08000213   Thumb Code     0  startup_stm32f10x_hd.o(.text)
    PVD_IRQHandler                           0x08000213   Thumb Code     0  startup_stm32f10x_hd.o(.text)
    RCC_IRQHandler                           0x08000213   Thumb Code     0  startup_stm32f10x_hd.o(.text)
    RTCAlarm_IRQHandler                      0x08000213   Thumb Code     0  startup_stm32f10x_hd.o(.text)
    RTC_IRQHandler                           0x08000213   Thumb Code     0  startup_stm32f10x_hd.o(.text)
    SDIO_IRQHandler                          0x08000213   Thumb Code     0  startup_stm32f10x_hd.o(.text)
    SPI1_IRQHandler                          0x08000213   Thumb Code     0  startup_stm32f10x_hd.o(.text)
    SPI2_IRQHandler                          0x08000213   Thumb Code     0  startup_stm32f10x_hd.o(.text)
    SPI3_IRQHandler                          0x08000213   Thumb Code     0  startup_stm32f10x_hd.o(.text)
    TAMPER_IRQHandler                        0x08000213   Thumb Code     0  startup_stm32f10x_hd.o(.text)
    TIM1_BRK_IRQHandler                      0x08000213   Thumb Code     0  startup_stm32f10x_hd.o(.text)
    TIM1_CC_IRQHandler                       0x08000213   Thumb Code     0  startup_stm32f10x_hd.o(.text)
    TIM1_TRG_COM_IRQHandler                  0x08000213   Thumb Code     0  startup_stm32f10x_hd.o(.text)
    TIM1_UP_IRQHandler                       0x08000213   Thumb Code     0  startup_stm32f10x_hd.o(.text)
    TIM2_IRQHandler                          0x08000213   Thumb Code     0  startup_stm32f10x_hd.o(.text)
    TIM3_IRQHandler                          0x08000213   Thumb Code     0  startup_stm32f10x_hd.o(.text)
    TIM4_IRQHandler                          0x08000213   Thumb Code     0  startup_stm32f10x_hd.o(.text)
    TIM5_IRQHandler                          0x08000213   Thumb Code     0  startup_stm32f10x_hd.o(.text)
    TIM6_IRQHandler                          0x08000213   Thumb Code     0  startup_stm32f10x_hd.o(.text)
    TIM7_IRQHandler                          0x08000213   Thumb Code     0  startup_stm32f10x_hd.o(.text)
    TIM8_BRK_IRQHandler                      0x08000213   Thumb Code     0  startup_stm32f10x_hd.o(.text)
    TIM8_CC_IRQHandler                       0x08000213   Thumb Code     0  startup_stm32f10x_hd.o(.text)
    TIM8_TRG_COM_IRQHandler                  0x08000213   Thumb Code     0  startup_stm32f10x_hd.o(.text)
    TIM8_UP_IRQHandler                       0x08000213   Thumb Code     0  startup_stm32f10x_hd.o(.text)
    UART4_IRQHandler                         0x08000213   Thumb Code     0  startup_stm32f10x_hd.o(.text)
    UART5_IRQHandler                         0x08000213   Thumb Code     0  startup_stm32f10x_hd.o(.text)
    USART1_IRQHandler                        0x08000213   Thumb Code     0  startup_stm32f10x_hd.o(.text)
    USART2_IRQHandler                        0x08000213   Thumb Code     0  startup_stm32f10x_hd.o(.text)
    USART3_IRQHandler                        0x08000213   Thumb Code     0  startup_stm32f10x_hd.o(.text)
    USBWakeUp_IRQHandler                     0x08000213   Thumb Code     0  startup_stm32f10x_hd.o(.text)
    USB_HP_CAN1_TX_IRQHandler                0x08000213   Thumb Code     0  startup_stm32f10x_hd.o(.text)
    USB_LP_CAN1_RX0_IRQHandler               0x08000213   Thumb Code     0  startup_stm32f10x_hd.o(.text)
    WWDG_IRQHandler                          0x08000213   Thumb Code     0  startup_stm32f10x_hd.o(.text)
    __user_initial_stackheap                 0x08000215   Thumb Code     0  startup_stm32f10x_hd.o(.text)
    SystemInit                               0x08000317   Thumb Code    78  system_stm32f10x.o(.text)
    SystemCoreClockUpdate                    0x08000365   Thumb Code   142  system_stm32f10x.o(.text)
    main                                     0x0800046b   Thumb Code    68  main.o(.text)
    NMI_Handler                              0x080004ed   Thumb Code     2  stm32f10x_it.o(.text)
    HardFault_Handler                        0x080004ef   Thumb Code     4  stm32f10x_it.o(.text)
    MemManage_Handler                        0x080004f3   Thumb Code     4  stm32f10x_it.o(.text)
    BusFault_Handler                         0x080004f7   Thumb Code     4  stm32f10x_it.o(.text)
    UsageFault_Handler                       0x080004fb   Thumb Code     4  stm32f10x_it.o(.text)
    SVC_Handler                              0x080004ff   Thumb Code     2  stm32f10x_it.o(.text)
    DebugMon_Handler                         0x08000501   Thumb Code     2  stm32f10x_it.o(.text)
    osPriqueueInit                           0x08000505   Thumb Code    64  los_priqueue.o(.text)
    osPriqueueEnqueue                        0x08000545   Thumb Code    64  los_priqueue.o(.text)
    osPriqueueDequeue                        0x08000585   Thumb Code    66  los_priqueue.o(.text)
    osPriqueueTop                            0x080005c7   Thumb Code    32  los_priqueue.o(.text)
    osPriqueueSize                           0x080005e7   Thumb Code    36  los_priqueue.o(.text)
    osPriqueueTotalSize                      0x0800060b   Thumb Code    28  los_priqueue.o(.text)
    osSwTmrTask                              0x08000645   Thumb Code    62  los_swtmr.o(.text)
    osSwTmrTaskCreate                        0x08000683   Thumb Code    50  los_swtmr.o(.text)
    osSwTmrInit                              0x080006b5   Thumb Code   130  los_swtmr.o(.text)
    osSwTmrStart                             0x08000737   Thumb Code   506  los_swtmr.o(.text)
    osSwtmrStop                              0x08000959   Thumb Code   116  los_swtmr.o(.text)
    osSwtmrScan                              0x08000a71   Thumb Code    32  los_swtmr.o(.text)
    osSwtimerInsert                          0x08000a91   Thumb Code    74  los_swtmr.o(.text)
    osSwTmrAdjust                            0x08000adb   Thumb Code   124  los_swtmr.o(.text)
    osSwtmrTimeGet                           0x08000b57   Thumb Code    30  los_swtmr.o(.text)
    LOS_SwtmrCreate                          0x08000b75   Thumb Code   178  los_swtmr.o(.text)
    LOS_SwtmrStart                           0x08000c27   Thumb Code   304  los_swtmr.o(.text)
    LOS_SwtmrStop                            0x08000d57   Thumb Code   128  los_swtmr.o(.text)
    LOS_SwtmrTimeGet                         0x08000dd7   Thumb Code   182  los_swtmr.o(.text)
    LOS_SwtmrDelete                          0x08000e8d   Thumb Code   128  los_swtmr.o(.text)
    LOS_TickCountGet                         0x08000f15   Thumb Code     6  los_sys.o(.text)
    LOS_CyclePerTickGet                      0x08000f1b   Thumb Code    14  los_sys.o(.text)
    LOS_MS2Tick                              0x08000f29   Thumb Code    40  los_sys.o(.text)
    LOS_Tick2MS                              0x08000f51   Thumb Code    28  los_sys.o(.text)
    osCpuTick2MS                             0x08000f6d   Thumb Code   120  los_sys.o(.text)
    osCpuTick2US                             0x08000fe5   Thumb Code   120  los_sys.o(.text)
    osIdleTask                               0x08001093   Thumb Code     4  los_task.o(.text)
    osTaskPriModify                          0x08001097   Thumb Code    56  los_task.o(.text)
    osTaskAdd2TimerList                      0x080010cf   Thumb Code   188  los_task.o(.text)
    osTimerListDelete                        0x0800118b   Thumb Code    66  los_task.o(.text)
    osTaskScan                               0x080011cd   Thumb Code   214  los_task.o(.text)
    osConvertTskStatus                       0x080012a3   Thumb Code    86  los_task.o(.text)
    osGetTaskWaterLine                       0x080012f9   Thumb Code   166  los_task.o(.text)
    osGetAllTskInfo                          0x0800139f   Thumb Code   234  los_task.o(.text)
    osTaskInit                               0x08001489   Thumb Code   456  los_task.o(.text)
    LOS_TaskCreateOnly                       0x08001651   Thumb Code   354  los_task.o(.text)
    LOS_TaskCreate                           0x080017b3   Thumb Code   140  los_task.o(.text)
    osIdleTaskCreate                         0x0800183f   Thumb Code    54  los_task.o(.text)
    LOS_CurTaskIDGet                         0x08001875   Thumb Code    18  los_task.o(.text)
    LOS_NextTaskIDGet                        0x08001887   Thumb Code    18  los_task.o(.text)
    LOS_CurTaskNameGet                       0x08001899   Thumb Code    16  los_task.o(.text)
    osTaskSwitchCheck                        0x080018a9   Thumb Code   454  los_task.o(.text)
    osTaskMonInit                            0x08001a6f   Thumb Code    34  los_task.o(.text)
    LOS_TaskDelete                           0x08001a91   Thumb Code   334  los_task.o(.text)
    osTaskEntry                              0x08001bdf   Thumb Code    40  los_task.o(.text)
    LOS_TaskResume                           0x08001c07   Thumb Code   160  los_task.o(.text)
    LOS_TaskSuspend                          0x08001ca7   Thumb Code   196  los_task.o(.text)
    LOS_TaskYield                            0x08001d6b   Thumb Code   136  los_task.o(.text)
    LOS_TaskDelay                            0x08001df3   Thumb Code   170  los_task.o(.text)
    LOS_TaskPriGet                           0x08001e9d   Thumb Code    76  los_task.o(.text)
    LOS_TaskPriSet                           0x08001ee9   Thumb Code   166  los_task.o(.text)
    LOS_CurTaskPriSet                        0x08001f8f   Thumb Code    22  los_task.o(.text)
    osTaskWait                               0x08001fa5   Thumb Code    72  los_task.o(.text)
    osTaskWake                               0x08001fed   Thumb Code    70  los_task.o(.text)
    LOS_TaskLock                             0x08002033   Thumb Code    26  los_task.o(.text)
    LOS_TaskUnlock                           0x0800204d   Thumb Code    54  los_task.o(.text)
    LOS_TaskInfoGet                          0x08002083   Thumb Code   250  los_task.o(.text)
    LOS_TaskStatusGet                        0x0800217d   Thumb Code    88  los_task.o(.text)
    LOS_TaskSwitchInfoGet                    0x080021d5   Thumb Code    60  los_task.o(.text)
    LOS_TaskInfoMonitor                      0x08002211   Thumb Code    12  los_task.o(.text)
    LOS_TaskIsRunning                        0x0800221d   Thumb Code     6  los_task.o(.text)
    LOS_NewTaskIDGet                         0x08002223   Thumb Code    20  los_task.o(.text)
    LOS_TaskNameGet                          0x08002237   Thumb Code    66  los_task.o(.text)
    osTickHandler                            0x080022c5   Thumb Code    34  los_tick.o(.text)
    LOS_SysClockGet                          0x080022e7   Thumb Code     6  los_tick.o(.text)
    osTimesliceInit                          0x080022f5   Thumb Code    12  los_timeslice.o(.text)
    osTimesliceCheck                         0x08002301   Thumb Code    64  los_timeslice.o(.text)
    osMuxInit                                0x0800235b   Thumb Code    82  los_mux.o(.text)
    LOS_MuxCreate                            0x080023ad   Thumb Code   134  los_mux.o(.text)
    LOS_MuxDelete                            0x08002433   Thumb Code   136  los_mux.o(.text)
    LOS_MuxPend                              0x080024bb   Thumb Code   320  los_mux.o(.text)
    LOS_MuxPost                              0x080025fb   Thumb Code   210  los_mux.o(.text)
    osQueueInit                              0x0800274f   Thumb Code    96  los_queue.o(.text)
    LOS_QueueCreate                          0x080027af   Thumb Code   212  los_queue.o(.text)
    osQueueOperate                           0x080029df   Thumb Code   440  los_queue.o(.text)
    LOS_QueueReadCopy                        0x08002b97   Thumb Code    54  los_queue.o(.text)
    LOS_QueueWriteHeadCopy                   0x08002bcd   Thumb Code    54  los_queue.o(.text)
    LOS_QueueWriteCopy                       0x08002c03   Thumb Code    54  los_queue.o(.text)
    LOS_QueueRead                            0x08002c39   Thumb Code    54  los_queue.o(.text)
    LOS_QueueWrite                           0x08002c6f   Thumb Code    52  los_queue.o(.text)
    LOS_QueueWriteHead                       0x08002ca3   Thumb Code    34  los_queue.o(.text)
    osQueueMailAlloc                         0x08002cc5   Thumb Code   166  los_queue.o(.text)
    osQueueMailFree                          0x08002d6b   Thumb Code   158  los_queue.o(.text)
    LOS_QueueDelete                          0x08002e09   Thumb Code   168  los_queue.o(.text)
    LOS_QueueInfoGet                         0x08002eb1   Thumb Code   228  los_queue.o(.text)
    osSemInit                                0x08002fcf   Thumb Code    80  los_sem.o(.text)
    osSemCreate                              0x0800301f   Thumb Code   158  los_sem.o(.text)
    LOS_SemCreate                            0x080030bd   Thumb Code    20  los_sem.o(.text)
    LOS_BinarySemCreate                      0x080030d1   Thumb Code    18  los_sem.o(.text)
    LOS_SemDelete                            0x080030e3   Thumb Code   128  los_sem.o(.text)
    LOS_SemPend                              0x08003163   Thumb Code   268  los_sem.o(.text)
    LOS_SemPost                              0x0800326f   Thumb Code   160  los_sem.o(.text)
    osHeapPrvGetNext                         0x080033a5   Thumb Code    26  los_heap.o(.text)
    osHeapInit                               0x080033bf   Thumb Code    68  los_heap.o(.text)
    osHeapStatisticsGet                      0x08003403   Thumb Code    90  los_heap.o(.text)
    osAlarmHeapInfo                          0x0800345d   Thumb Code    36  los_heap.o(.text)
    osHeapAlloc                              0x08003481   Thumb Code   292  los_heap.o(.text)
    osHeapAllocAlign                         0x080035a5   Thumb Code    90  los_heap.o(.text)
    osHeapFree                               0x080035ff   Thumb Code   284  los_heap.o(.text)
    osHeapGetHeapMemoryPeak                  0x0800371b   Thumb Code     6  los_heap.o(.text)
    osHeapGetMaxFreeBlkSize                  0x08003721   Thumb Code    52  los_heap.o(.text)
    osAtomicBitsetInit                       0x080037b1   Thumb Code    46  los_slab.o(.text)
    osAtomicBitsetGetBit                     0x080037df   Thumb Code    42  los_slab.o(.text)
    osAtomicBitsetClearBit                   0x08003809   Thumb Code    36  los_slab.o(.text)
    osAtomicBitsetFindClearAndSet            0x0800382d   Thumb Code    80  los_slab.o(.text)
    osAtomicBitsetIdxChgToNatural            0x0800387d   Thumb Code    42  los_slab.o(.text)
    osAtomicBitsetEmpty                      0x080038a7   Thumb Code    70  los_slab.o(.text)
    osSlabAllocatorNew                       0x080038ed   Thumb Code    92  los_slab.o(.text)
    osSlabAllocatorDestroy                   0x08003949   Thumb Code    16  los_slab.o(.text)
    osSlabAllocatorAlloc                     0x08003959   Thumb Code    30  los_slab.o(.text)
    osSlabAllocatorFree                      0x08003977   Thumb Code    72  los_slab.o(.text)
    osSlabAllocatorGetNth                    0x080039bf   Thumb Code    30  los_slab.o(.text)
    osSlabAllocatorGetIdxP                   0x080039dd   Thumb Code    12  los_slab.o(.text)
    osSlabAllocatorGetIndex                  0x080039e9   Thumb Code    66  los_slab.o(.text)
    osSlabAllocatorGetNumItems               0x08003a2b   Thumb Code    12  los_slab.o(.text)
    osSlabAllocatorEmpty                     0x08003a37   Thumb Code    12  los_slab.o(.text)
    osSlabAllocatorGetUsedItemCnt            0x08003a43   Thumb Code    36  los_slab.o(.text)
    osSlabAllocatorGetSlabInfo               0x08003a67   Thumb Code    36  los_slab.o(.text)
    osSlabAllocatorCheck                     0x08003a8b   Thumb Code    64  los_slab.o(.text)
    osSlabBlockHeadFill                      0x08003acb   Thumb Code    18  los_slabmem.o(.text)
    osSlabMemInit                            0x08003add   Thumb Code   108  los_slabmem.o(.text)
    osSlabMemAlloc                           0x08003b49   Thumb Code   160  los_slabmem.o(.text)
    osSlabMemFree                            0x08003be9   Thumb Code   116  los_slabmem.o(.text)
    osSlabMemDeinit                          0x08003c5d   Thumb Code    92  los_slabmem.o(.text)
    osSlabMemCheck                           0x08003cb9   Thumb Code   100  los_slabmem.o(.text)
    osSlabStatisticsGet                      0x08003d1d   Thumb Code   152  los_slabmem.o(.text)
    osSlabGetMaxFreeBlkSize                  0x08003db5   Thumb Code    68  los_slabmem.o(.text)
    LOS_MemboxInit                           0x08003df9   Thumb Code   134  los_membox.o(.text)
    LOS_MemboxAlloc                          0x08003e7f   Thumb Code    66  los_membox.o(.text)
    LOS_MemboxFree                           0x08003ec1   Thumb Code   164  los_membox.o(.text)
    LOS_MemboxClr                            0x08003f65   Thumb Code    28  los_membox.o(.text)
    LOS_MemboxStatisticsGet                  0x08003f81   Thumb Code    32  los_membox.o(.text)
    LOS_Align                                0x08003fa5   Thumb Code    28  los_misc.o(.text)
    LOS_Msleep                               0x08003fc1   Thumb Code    42  los_misc.o(.text)
    LOS_ErrHandle                            0x08003fed   Thumb Code    58  los_err.o(.text)
    osEnableFPU                              0x08004031   Thumb Code    14  los_init.o(.text)
    LOS_Reboot                               0x0800403f   Thumb Code     8  los_init.o(.text)
    LOS_Start                                0x0800404f   Thumb Code    38  los_init.o(.text)
    LOS_KernelInit                           0x08004075   Thumb Code   174  los_init.o(.text)
    osSlabCtrlHdrGet                         0x080041a9   Thumb Code     8  los_memory.o(.text)
    LOS_MemInit                              0x080041b1   Thumb Code   206  los_memory.o(.text)
    osMemSystemInit                          0x0800427f   Thumb Code    20  los_memory.o(.text)
    LOS_MemDeInit                            0x08004293   Thumb Code    96  los_memory.o(.text)
    LOS_MemPoolList                          0x080042f3   Thumb Code    28  los_memory.o(.text)
    LOS_MemAlloc                             0x0800430f   Thumb Code    42  los_memory.o(.text)
    LOS_MemAllocAlign                        0x08004339   Thumb Code    20  los_memory.o(.text)
    LOS_MemFree                              0x0800434d   Thumb Code    52  los_memory.o(.text)
    LOS_MemRealloc                           0x08004381   Thumb Code   174  los_memory.o(.text)
    LOS_MemStatisticsGet                     0x0800442f   Thumb Code   102  los_memory.o(.text)
    LOS_MemGetMaxFreeBlkSize                 0x08004495   Thumb Code    34  los_memory.o(.text)
    LOS_StartToRun                           0x080044fd   Thumb Code     0  los_dispatch_keil.o(.text)
    LOS_IntLock                              0x08004545   Thumb Code     0  los_dispatch_keil.o(.text)
    LOS_IntUnLock                            0x0800454d   Thumb Code     0  los_dispatch_keil.o(.text)
    LOS_IntRestore                           0x08004555   Thumb Code     0  los_dispatch_keil.o(.text)
    osTaskSchedule                           0x0800455b   Thumb Code     0  los_dispatch_keil.o(.text)
    PendSV_Handler                           0x08004565   Thumb Code     0  los_dispatch_keil.o(.text)
    osSchedule                               0x080045c9   Thumb Code     8  los_hw.o(.text)
    LOS_Schedule                             0x080045d1   Thumb Code    56  los_hw.o(.text)
    osTaskExit                               0x08004609   Thumb Code     6  los_hw.o(.text)
    osTskStackInit                           0x0800460f   Thumb Code   132  los_hw.o(.text)
    osEnterSleep                             0x08004693   Thumb Code    36  los_hw.o(.text)
    osTickStart                              0x080046c5   Thumb Code   150  los_hw_tick.o(.text)
    LOS_SysTickCurrCycleGet                  0x0800475b   Thumb Code    48  los_hw_tick.o(.text)
    LOS_GetCpuCycle                          0x0800478b   Thumb Code   102  los_hw_tick.o(.text)
    LOS_GetSystickCycle                      0x080047f1   Thumb Code    96  los_hw_tick.o(.text)
    osIntNumGet                              0x0800486d   Thumb Code     8  los_hwi.o(.text)
    SysTick_Handler                          0x08004875   Thumb Code    34  los_hwi.o(.text)
    RCC_DeInit                               0x080048a1   Thumb Code    64  stm32f10x_rcc.o(.text)
    RCC_HSEConfig                            0x080048e1   Thumb Code    70  stm32f10x_rcc.o(.text)
    RCC_GetFlagStatus                        0x08004927   Thumb Code    56  stm32f10x_rcc.o(.text)
    RCC_WaitForHSEStartUp                    0x0800495f   Thumb Code    56  stm32f10x_rcc.o(.text)
    RCC_AdjustHSICalibrationValue            0x08004997   Thumb Code    20  stm32f10x_rcc.o(.text)
    RCC_HSICmd                               0x080049ab   Thumb Code     6  stm32f10x_rcc.o(.text)
    RCC_PLLConfig                            0x080049b1   Thumb Code    24  stm32f10x_rcc.o(.text)
    RCC_PLLCmd                               0x080049c9   Thumb Code     6  stm32f10x_rcc.o(.text)
    RCC_SYSCLKConfig                         0x080049cf   Thumb Code    18  stm32f10x_rcc.o(.text)
    RCC_GetSYSCLKSource                      0x080049e1   Thumb Code    10  stm32f10x_rcc.o(.text)
    RCC_HCLKConfig                           0x080049eb   Thumb Code    18  stm32f10x_rcc.o(.text)
    RCC_PCLK1Config                          0x080049fd   Thumb Code    18  stm32f10x_rcc.o(.text)
    RCC_PCLK2Config                          0x08004a0f   Thumb Code    20  stm32f10x_rcc.o(.text)
    RCC_ITConfig                             0x08004a23   Thumb Code    26  stm32f10x_rcc.o(.text)
    RCC_USBCLKConfig                         0x08004a3d   Thumb Code     8  stm32f10x_rcc.o(.text)
    RCC_ADCCLKConfig                         0x08004a45   Thumb Code    18  stm32f10x_rcc.o(.text)
    RCC_LSEConfig                            0x08004a57   Thumb Code    50  stm32f10x_rcc.o(.text)
    RCC_LSICmd                               0x08004a89   Thumb Code     6  stm32f10x_rcc.o(.text)
    RCC_RTCCLKConfig                         0x08004a8f   Thumb Code    12  stm32f10x_rcc.o(.text)
    RCC_RTCCLKCmd                            0x08004a9b   Thumb Code     8  stm32f10x_rcc.o(.text)
    RCC_GetClocksFreq                        0x08004aa3   Thumb Code   192  stm32f10x_rcc.o(.text)
    RCC_AHBPeriphClockCmd                    0x08004b63   Thumb Code    26  stm32f10x_rcc.o(.text)
    RCC_APB2PeriphClockCmd                   0x08004b7d   Thumb Code    26  stm32f10x_rcc.o(.text)
    RCC_APB1PeriphClockCmd                   0x08004b97   Thumb Code    26  stm32f10x_rcc.o(.text)
    RCC_APB2PeriphResetCmd                   0x08004bb1   Thumb Code    26  stm32f10x_rcc.o(.text)
    RCC_APB1PeriphResetCmd                   0x08004bcb   Thumb Code    26  stm32f10x_rcc.o(.text)
    RCC_BackupResetCmd                       0x08004be5   Thumb Code     8  stm32f10x_rcc.o(.text)
    RCC_ClockSecuritySystemCmd               0x08004bed   Thumb Code     6  stm32f10x_rcc.o(.text)
    RCC_MCOConfig                            0x08004bf3   Thumb Code     6  stm32f10x_rcc.o(.text)
    RCC_ClearFlag                            0x08004bf9   Thumb Code    14  stm32f10x_rcc.o(.text)
    RCC_GetITStatus                          0x08004c07   Thumb Code    20  stm32f10x_rcc.o(.text)
    RCC_ClearITPendingBit                    0x08004c1b   Thumb Code     6  stm32f10x_rcc.o(.text)
    GPIO_DeInit                              0x08004c45   Thumb Code   172  stm32f10x_gpio.o(.text)
    GPIO_AFIODeInit                          0x08004cf1   Thumb Code    20  stm32f10x_gpio.o(.text)
    GPIO_Init                                0x08004d05   Thumb Code   278  stm32f10x_gpio.o(.text)
    GPIO_StructInit                          0x08004e1b   Thumb Code    16  stm32f10x_gpio.o(.text)
    GPIO_ReadInputDataBit                    0x08004e2b   Thumb Code    18  stm32f10x_gpio.o(.text)
    GPIO_ReadInputData                       0x08004e3d   Thumb Code     8  stm32f10x_gpio.o(.text)
    GPIO_ReadOutputDataBit                   0x08004e45   Thumb Code    18  stm32f10x_gpio.o(.text)
    GPIO_ReadOutputData                      0x08004e57   Thumb Code     8  stm32f10x_gpio.o(.text)
    GPIO_SetBits                             0x08004e5f   Thumb Code     4  stm32f10x_gpio.o(.text)
    GPIO_ResetBits                           0x08004e63   Thumb Code     4  stm32f10x_gpio.o(.text)
    GPIO_WriteBit                            0x08004e67   Thumb Code    10  stm32f10x_gpio.o(.text)
    GPIO_Write                               0x08004e71   Thumb Code     4  stm32f10x_gpio.o(.text)
    GPIO_PinLockConfig                       0x08004e75   Thumb Code    18  stm32f10x_gpio.o(.text)
    GPIO_EventOutputConfig                   0x08004e87   Thumb Code    26  stm32f10x_gpio.o(.text)
    GPIO_EventOutputCmd                      0x08004ea1   Thumb Code     6  stm32f10x_gpio.o(.text)
    GPIO_PinRemapConfig                      0x08004ea7   Thumb Code   138  stm32f10x_gpio.o(.text)
    GPIO_EXTILineConfig                      0x08004f31   Thumb Code    66  stm32f10x_gpio.o(.text)
    GPIO_ETH_MediaInterfaceConfig            0x08004f73   Thumb Code     8  stm32f10x_gpio.o(.text)
    NVIC_PriorityGroupConfig                 0x08004fa1   Thumb Code    10  misc.o(.text)
    NVIC_Init                                0x08004fab   Thumb Code   100  misc.o(.text)
    NVIC_SetVectorTable                      0x0800500f   Thumb Code    14  misc.o(.text)
    NVIC_SystemLPConfig                      0x0800501d   Thumb Code    34  misc.o(.text)
    SysTick_CLKSourceConfig                  0x0800503f   Thumb Code    40  misc.o(.text)
    LED_Init                                 0x0800507d   Thumb Code    68  led.o(.text)
    __aeabi_uldivmod                         0x080050c9   Thumb Code     0  lludivv7m.o(.text)
    _ll_udiv                                 0x080050c9   Thumb Code   238  lludivv7m.o(.text)
    __2printf                                0x080051b9   Thumb Code    20  noretval__2printf.o(.text)
    _printf_pre_padding                      0x080051d1   Thumb Code    44  _printf_pad.o(.text)
    _printf_post_padding                     0x080051fd   Thumb Code    34  _printf_pad.o(.text)
    _printf_str                              0x0800521f   Thumb Code    82  _printf_str.o(.text)
    _printf_int_dec                          0x08005271   Thumb Code   104  _printf_dec.o(.text)
    _printf_longlong_hex                     0x080052e9   Thumb Code    78  _printf_hex_int_ptr.o(.text)
    _printf_int_hex                          0x08005337   Thumb Code    26  _printf_hex_int_ptr.o(.text)
    _printf_hex_ptr                          0x08005351   Thumb Code    16  _printf_hex_int_ptr.o(.text)
    __printf                                 0x08005365   Thumb Code   308  __printf_flags_wp.o(.text)
    __aeabi_memcpy                           0x0800549d   Thumb Code     0  rt_memcpy_v6.o(.text)
    __rt_memcpy                              0x0800549d   Thumb Code   138  rt_memcpy_v6.o(.text)
    _memcpy_lastbytes                        0x08005503   Thumb Code     0  rt_memcpy_v6.o(.text)
    __aeabi_memset                           0x08005527   Thumb Code    16  aeabi_memset.o(.text)
    __aeabi_memclr                           0x08005537   Thumb Code     0  rt_memclr.o(.text)
    __rt_memclr                              0x08005537   Thumb Code    68  rt_memclr.o(.text)
    _memset                                  0x0800553b   Thumb Code     0  rt_memclr.o(.text)
    __aeabi_memclr4                          0x0800557b   Thumb Code     0  rt_memclr_w.o(.text)
    __aeabi_memclr8                          0x0800557b   Thumb Code     0  rt_memclr_w.o(.text)
    __rt_memclr_w                            0x0800557b   Thumb Code    78  rt_memclr_w.o(.text)
    _memset_w                                0x0800557f   Thumb Code     0  rt_memclr_w.o(.text)
    strncpy                                  0x080055c9   Thumb Code    86  strncpy.o(.text)
    __use_two_region_memory                  0x0800561f   Thumb Code     2  heapauxi.o(.text)
    __rt_heap_escrow                         0x08005621   Thumb Code     2  heapauxi.o(.text)
    __rt_heap_expand                         0x08005623   Thumb Code     2  heapauxi.o(.text)
    _printf_int_common                       0x08005625   Thumb Code   178  _printf_intcommon.o(.text)
    _printf_cs_common                        0x080056d7   Thumb Code    20  _printf_char.o(.text)
    _printf_char                             0x080056eb   Thumb Code    16  _printf_char.o(.text)
    _printf_string                           0x080056fb   Thumb Code     8  _printf_char.o(.text)
    _printf_char_file                        0x08005705   Thumb Code    32  _printf_char_file.o(.text)
    __aeabi_memcpy4                          0x08005729   Thumb Code     0  rt_memcpy_w.o(.text)
    __aeabi_memcpy8                          0x08005729   Thumb Code     0  rt_memcpy_w.o(.text)
    __rt_memcpy_w                            0x08005729   Thumb Code   100  rt_memcpy_w.o(.text)
    _memcpy_lastbytes_aligned                0x08005771   Thumb Code     0  rt_memcpy_w.o(.text)
    _printf_char_common                      0x08005797   Thumb Code    32  _printf_char_common.o(.text)
    ferror                                   0x080057bd   Thumb Code     8  ferror.o(.text)
    _initio                                  0x080057c5   Thumb Code   210  initio.o(.text)
    _terminateio                             0x08005897   Thumb Code    56  initio.o(.text)
    _sys_open                                0x080058fd   Thumb Code    20  sys_io.o(.text)
    _sys_close                               0x08005911   Thumb Code    12  sys_io.o(.text)
    _sys_write                               0x0800591d   Thumb Code    16  sys_io.o(.text)
    _sys_read                                0x0800592d   Thumb Code    14  sys_io.o(.text)
    _sys_istty                               0x0800593b   Thumb Code    12  sys_io.o(.text)
    _sys_seek                                0x08005947   Thumb Code    14  sys_io.o(.text)
    _sys_ensure                              0x08005955   Thumb Code     2  sys_io.o(.text)
    _sys_flen                                0x08005957   Thumb Code    12  sys_io.o(.text)
    __user_setup_stackheap                   0x08005963   Thumb Code    74  sys_stackheap_outer.o(.text)
    free                                     0x080059ad   Thumb Code    78  h1_free.o(.text)
    __flsbuf                                 0x080059fb   Thumb Code   470  flsbuf.o(.text)
    __flsbuf_byte                            0x080059fb   Thumb Code     0  flsbuf.o(.text)
    __flsbuf_wide                            0x080059fb   Thumb Code     0  flsbuf.o(.text)
    setvbuf                                  0x08005bd1   Thumb Code    70  setvbuf.o(.text)
    freopen                                  0x08005c19   Thumb Code   158  fopen.o(.text)
    fopen                                    0x08005cb7   Thumb Code    74  fopen.o(.text)
    _fclose_internal                         0x08005d05   Thumb Code    76  fclose.o(.text)
    fclose                                   0x08005d05   Thumb Code     0  fclose.o(.text)
    exit                                     0x08005d51   Thumb Code    18  exit.o(.text)
    __rt_SIGRTRED                            0x08005d63   Thumb Code    14  defsig_rtred_outer.o(.text)
    __user_libspace                          0x08005d71   Thumb Code     8  libspace.o(.text)
    __user_perproc_libspace                  0x08005d71   Thumb Code     0  libspace.o(.text)
    __user_perthread_libspace                0x08005d71   Thumb Code     0  libspace.o(.text)
    __I$use$semihosting                      0x08005d79   Thumb Code     0  use_no_semi.o(.text)
    __use_no_semihosting_swi                 0x08005d79   Thumb Code     2  use_no_semi.o(.text)
    __semihosting_library_function           0x08005d7b   Thumb Code     0  indicate_semi.o(.text)
    __rt_heap_descriptor                     0x08005d7d   Thumb Code     8  rt_heap_descriptor_intlibspace.o(.text)
    __use_no_heap                            0x08005d85   Thumb Code     2  hguard.o(.text)
    __heap$guard                             0x08005d87   Thumb Code     2  hguard.o(.text)
    _terminate_user_alloc                    0x08005d89   Thumb Code     2  init_alloc.o(.text)
    _init_user_alloc                         0x08005d8b   Thumb Code     2  init_alloc.o(.text)
    __Heap_Full                              0x08005d8d   Thumb Code    34  init_alloc.o(.text)
    __Heap_Broken                            0x08005daf   Thumb Code     6  init_alloc.o(.text)
    _init_alloc                              0x08005db5   Thumb Code    94  init_alloc.o(.text)
    malloc                                   0x08005e13   Thumb Code    94  h1_alloc.o(.text)
    _fseek                                   0x08005e71   Thumb Code   242  fseek.o(.text)
    fseek                                    0x08005e71   Thumb Code     0  fseek.o(.text)
    _seterr                                  0x08005f69   Thumb Code    20  stdio.o(.text)
    _writebuf                                0x08005f7d   Thumb Code    84  stdio.o(.text)
    _fflush                                  0x08005fd1   Thumb Code    70  stdio.o(.text)
    _deferredlazyseek                        0x08006017   Thumb Code    60  stdio.o(.text)
    __sig_exit                               0x08006059   Thumb Code    10  defsig_exit.o(.text)
    __rt_SIGRTRED_inner                      0x08006065   Thumb Code    14  defsig_rtred_inner.o(.text)
    strlen                                   0x08006099   Thumb Code    62  strlen.o(.text)
    _sys_exit                                0x080060d9   Thumb Code     8  sys_exit.o(.text)
    __Heap_Initialize                        0x080060e5   Thumb Code    10  h1_init.o(.text)
    __Heap_DescSize                          0x080060ef   Thumb Code     4  h1_init.o(.text)
    __Heap_ProvideMemory                     0x080060f3   Thumb Code    52  h1_extend.o(.text)
    _ftell_internal                          0x08006127   Thumb Code    66  ftell.o(.text)
    ftell                                    0x08006127   Thumb Code     0  ftell.o(.text)
    __default_signal_display                 0x08006169   Thumb Code    50  defsig_general.o(.text)
    __rt_SIGRTMEM                            0x0800619b   Thumb Code    14  defsig_rtmem_outer.o(.text)
    _ttywrch                                 0x080061a9   Thumb Code    14  sys_wrch.o(.text)
    __aeabi_errno_addr                       0x080061b9   Thumb Code     8  rt_errno_addr_intlibspace.o(.text)
    __errno$intlibspace                      0x080061b9   Thumb Code     0  rt_errno_addr_intlibspace.o(.text)
    __rt_errno_addr$intlibspace              0x080061b9   Thumb Code     0  rt_errno_addr_intlibspace.o(.text)
    __rt_SIGRTMEM_inner                      0x080061c1   Thumb Code    22  defsig_rtmem_inner.o(.text)
    _is_digit                                0x08006211   Thumb Code    14  __printf_wp.o(i._is_digit)
    fputc                                    0x0800621f   Thumb Code    26  fputc.o(i.fputc)
    osAtomicBitsetGetNumBits                 0x08006239   Thumb Code     6  los_slab.o(i.osAtomicBitsetGetNumBits)
    __aeabi_ddiv                             0x08006241   Thumb Code     0  ddiv.o(x$fpl$ddiv)
    _ddiv                                    0x08006241   Thumb Code   552  ddiv.o(x$fpl$ddiv)
    __aeabi_ui2d                             0x080064f1   Thumb Code     0  dflt_clz.o(x$fpl$dfltu)
    _dfltu                                   0x080064f1   Thumb Code    38  dflt_clz.o(x$fpl$dfltu)
    __aeabi_ul2d                             0x08006519   Thumb Code     0  dfltll_clz.o(x$fpl$dfltull)
    _ll_uto_d                                0x08006519   Thumb Code   138  dfltll_clz.o(x$fpl$dfltull)
    __fpl_dnaninf                            0x080065a3   Thumb Code   156  dnaninf.o(x$fpl$dnaninf)
    __fpl_dretinf                            0x0800663f   Thumb Code    12  dretinf.o(x$fpl$dretinf)
    __aeabi_d2ulz                            0x0800664d   Thumb Code     0  dfixull.o(x$fpl$llufromd)
    _ll_ufrom_d                              0x0800664d   Thumb Code   120  dfixull.o(x$fpl$llufromd)
    __I$use$fp                               0x080066c4   Number         0  usenofp.o(x$fpl$usenofp)
    __stdin_name                             0x080066fd   Data           4  sys_io.o(.constdata)
    __stdout_name                            0x08006701   Data           4  sys_io.o(.constdata)
    __stderr_name                            0x08006705   Data           4  sys_io.o(.constdata)
    Region$$Table$$Base                      0x0800685c   Number         0  anon$$obj.o(Region$$Table)
    Region$$Table$$Limit                     0x0800687c   Number         0  anon$$obj.o(Region$$Table)
    SystemCoreClock                          0x20000000   Data           4  system_stm32f10x.o(.data)
    AHBPrescTable                            0x20000004   Data          16  system_stm32f10x.o(.data)
    Task1_Handle                             0x20000014   Data           4  main.o(.data)
    g_pstLosPriorityQueueList                0x20000018   Data           4  los_priqueue.o(.data)
    m_uwSwTmrHandlerQueue                    0x20000020   Data           4  los_swtmr.o(.data)
    m_pstSwtmrCBArray                        0x20000024   Data           4  los_swtmr.o(.data)
    m_pstSwtmrFreeList                       0x20000028   Data           4  los_swtmr.o(.data)
    m_pstSwtmrSortList                       0x2000002c   Data           4  los_swtmr.o(.data)
    g_pstTaskCBArray                         0x2000003c   Data           4  los_task.o(.data)
    g_stLosTask                              0x20000040   Data           8  los_task.o(.data)
    g_usLosTaskLock                          0x20000048   Data           2  los_task.o(.data)
    g_uwTskMaxNum                            0x2000004c   Data           4  los_task.o(.data)
    g_uwIdleTaskID                           0x20000050   Data           4  los_task.o(.data)
    g_uwSwtmrTaskID                          0x20000054   Data           4  los_task.o(.data)
    g_stTaskTimerList                        0x20000058   Data           8  los_task.o(.data)
    g_stLosFreeTask                          0x20000060   Data           8  los_task.o(.data)
    g_stTskRecyleList                        0x20000068   Data           8  los_task.o(.data)
    g_stTskSortLink                          0x20000070   Data           8  los_task.o(.data)
    g_bTaskScheduled                         0x20000078   Data           4  los_task.o(.data)
    g_pfnTskSwitchHook                       0x2000007c   Data           4  los_task.o(.data)
    g_pfnUsrTskSwitchHook                    0x20000080   Data           4  los_task.o(.data)
    g_ullTickCount                           0x20000088   Data           8  los_tick.o(.data)
    g_uwTicksPerSec                          0x20000090   Data           4  los_tick.o(.data)
    g_uwCyclePerSec                          0x20000094   Data           4  los_tick.o(.data)
    g_uwCyclesPerTick                        0x20000098   Data           4  los_tick.o(.data)
    g_uwSysClock                             0x2000009c   Data           4  los_tick.o(.data)
    g_bSysTickStart                          0x200000a0   Data           4  los_tick.o(.data)
    g_stTaskTimeSlice                        0x200000a4   Data           8  los_timeslice.o(.data)
    g_pstAllMux                              0x200000ac   Data           4  los_mux.o(.data)
    g_stUnusedMuxList                        0x200000b0   Data           8  los_mux.o(.data)
    g_pstAllQueue                            0x200000b8   Data           4  los_queue.o(.data)
    g_stFreeQueueList                        0x200000bc   Data           8  los_queue.o(.data)
    g_stUnusedSemList                        0x200000c4   Data           8  los_sem.o(.data)
    g_pstAllSem                              0x200000cc   Data           4  los_sem.o(.data)
    g_stUserErrFunc                          0x200000e0   Data           4  los_err.o(.data)
    m_aucSysMem0                             0x200000e4   Data           4  los_init.o(.data)
    g_pPoolHead                              0x200000e8   Data           4  los_memory.o(.data)
    __aeabi_stdin                            0x20000100   Data           4  stdio_streams.o(.data)
    __aeabi_stdout                           0x20000104   Data           4  stdio_streams.o(.data)
    __aeabi_stderr                           0x20000108   Data           4  stdio_streams.o(.data)
    m_uwSwTmrAlignID                         0x2000010c   Data          64  los_swtmr.o(.bss)
    g_astTskSwitchInfo                       0x2000014c   Data         342  los_task.o(.bss)
    __stdin                                  0x200002a4   Data          84  stdio_streams.o(.bss)
    __stdout                                 0x200002f8   Data          84  stdio_streams.o(.bss)
    __stderr                                 0x2000034c   Data          84  stdio_streams.o(.bss)
    __libspace_start                         0x200003a0   Data          96  libspace.o(.bss)
    __temporary_stack_top$libspace           0x20000400   Data           0  libspace.o(.bss)
    Image$$RW_IRAM1$$ZI$$Limit               0x20000a00   Number         0  anon$$obj.o ABSOLUTE



==============================================================================

Memory Map of the image

  Image Entry point : 0x08000131

  Load Region LR_IROM1 (Base: 0x08000000, Size: 0x00006988, Max: 0x00080000, ABSOLUTE)

    Execution Region ER_IROM1 (Exec base: 0x08000000, Load base: 0x08000000, Size: 0x0000687c, Max: 0x00080000, ABSOLUTE)

    Exec Addr    Load Addr    Size         Type   Attr      Idx    E Section Name        Object

    0x08000000   0x08000000   0x00000130   Data   RO            3    RESET               startup_stm32f10x_hd.o
    0x08000130   0x08000130   0x00000008   Code   RO         1908  * !!!main             c_w.l(__main.o)
    0x08000138   0x08000138   0x00000034   Code   RO         2290    !!!scatter          c_w.l(__scatter.o)
    0x0800016c   0x0800016c   0x0000001a   Code   RO         2292    !!handler_copy      c_w.l(__scatter_copy.o)
    0x08000186   0x08000186   0x00000002   PAD
    0x08000188   0x08000188   0x0000001c   Code   RO         2294    !!handler_zi        c_w.l(__scatter_zi.o)
    0x080001a4   0x080001a4   0x00000000   Code   RO         1895    .ARM.Collect$$_printf_percent$$00000000  c_w.l(_printf_percent.o)
    0x080001a4   0x080001a4   0x00000006   Code   RO         1893    .ARM.Collect$$_printf_percent$$00000002  c_w.l(_printf_p.o)
    0x080001aa   0x080001aa   0x00000006   Code   RO         1894    .ARM.Collect$$_printf_percent$$00000009  c_w.l(_printf_d.o)
    0x080001b0   0x080001b0   0x00000006   Code   RO         1892    .ARM.Collect$$_printf_percent$$0000000C  c_w.l(_printf_x.o)
    0x080001b6   0x080001b6   0x00000006   Code   RO         1891    .ARM.Collect$$_printf_percent$$00000014  c_w.l(_printf_s.o)
    0x080001bc   0x080001bc   0x00000004   Code   RO         1939    .ARM.Collect$$_printf_percent$$00000017  c_w.l(_printf_percent_end.o)
    0x080001c0   0x080001c0   0x00000002   Code   RO         2081    .ARM.Collect$$libinit$$00000000  c_w.l(libinit.o)
    0x080001c2   0x080001c2   0x00000000   Code   RO         2083    .ARM.Collect$$libinit$$00000002  c_w.l(libinit2.o)
    0x080001c2   0x080001c2   0x00000000   Code   RO         2085    .ARM.Collect$$libinit$$00000004  c_w.l(libinit2.o)
    0x080001c2   0x080001c2   0x00000008   Code   RO         2086    .ARM.Collect$$libinit$$00000005  c_w.l(libinit2.o)
    0x080001ca   0x080001ca   0x00000000   Code   RO         2088    .ARM.Collect$$libinit$$0000000A  c_w.l(libinit2.o)
    0x080001ca   0x080001ca   0x00000000   Code   RO         2090    .ARM.Collect$$libinit$$0000000C  c_w.l(libinit2.o)
    0x080001ca   0x080001ca   0x00000000   Code   RO         2092    .ARM.Collect$$libinit$$0000000E  c_w.l(libinit2.o)
    0x080001ca   0x080001ca   0x00000000   Code   RO         2095    .ARM.Collect$$libinit$$00000011  c_w.l(libinit2.o)
    0x080001ca   0x080001ca   0x00000000   Code   RO         2097    .ARM.Collect$$libinit$$00000013  c_w.l(libinit2.o)
    0x080001ca   0x080001ca   0x00000000   Code   RO         2099    .ARM.Collect$$libinit$$00000015  c_w.l(libinit2.o)
    0x080001ca   0x080001ca   0x00000000   Code   RO         2101    .ARM.Collect$$libinit$$00000017  c_w.l(libinit2.o)
    0x080001ca   0x080001ca   0x00000000   Code   RO         2103    .ARM.Collect$$libinit$$00000019  c_w.l(libinit2.o)
    0x080001ca   0x080001ca   0x00000000   Code   RO         2105    .ARM.Collect$$libinit$$0000001B  c_w.l(libinit2.o)
    0x080001ca   0x080001ca   0x00000000   Code   RO         2107    .ARM.Collect$$libinit$$0000001D  c_w.l(libinit2.o)
    0x080001ca   0x080001ca   0x00000000   Code   RO         2109    .ARM.Collect$$libinit$$0000001F  c_w.l(libinit2.o)
    0x080001ca   0x080001ca   0x00000000   Code   RO         2111    .ARM.Collect$$libinit$$00000021  c_w.l(libinit2.o)
    0x080001ca   0x080001ca   0x00000000   Code   RO         2113    .ARM.Collect$$libinit$$00000023  c_w.l(libinit2.o)
    0x080001ca   0x080001ca   0x00000004   Code   RO         2114    .ARM.Collect$$libinit$$00000024  c_w.l(libinit2.o)
    0x080001ce   0x080001ce   0x00000000   Code   RO         2115    .ARM.Collect$$libinit$$00000025  c_w.l(libinit2.o)
    0x080001ce   0x080001ce   0x00000000   Code   RO         2119    .ARM.Collect$$libinit$$0000002C  c_w.l(libinit2.o)
    0x080001ce   0x080001ce   0x00000000   Code   RO         2121    .ARM.Collect$$libinit$$0000002E  c_w.l(libinit2.o)
    0x080001ce   0x080001ce   0x00000000   Code   RO         2123    .ARM.Collect$$libinit$$00000030  c_w.l(libinit2.o)
    0x080001ce   0x080001ce   0x00000000   Code   RO         2125    .ARM.Collect$$libinit$$00000032  c_w.l(libinit2.o)
    0x080001ce   0x080001ce   0x00000002   Code   RO         2126    .ARM.Collect$$libinit$$00000033  c_w.l(libinit2.o)
    0x080001d0   0x080001d0   0x00000002   Code   RO         2271    .ARM.Collect$$libshutdown$$00000000  c_w.l(libshutdown.o)
    0x080001d2   0x080001d2   0x00000000   Code   RO         2128    .ARM.Collect$$libshutdown$$00000002  c_w.l(libshutdown2.o)
    0x080001d2   0x080001d2   0x00000004   Code   RO         2129    .ARM.Collect$$libshutdown$$00000003  c_w.l(libshutdown2.o)
    0x080001d6   0x080001d6   0x00000000   Code   RO         2130    .ARM.Collect$$libshutdown$$00000004  c_w.l(libshutdown2.o)
    0x080001d6   0x080001d6   0x00000000   Code   RO         2133    .ARM.Collect$$libshutdown$$00000007  c_w.l(libshutdown2.o)
    0x080001d6   0x080001d6   0x00000000   Code   RO         2136    .ARM.Collect$$libshutdown$$0000000A  c_w.l(libshutdown2.o)
    0x080001d6   0x080001d6   0x00000000   Code   RO         2138    .ARM.Collect$$libshutdown$$0000000C  c_w.l(libshutdown2.o)
    0x080001d6   0x080001d6   0x00000000   Code   RO         2141    .ARM.Collect$$libshutdown$$0000000F  c_w.l(libshutdown2.o)
    0x080001d6   0x080001d6   0x00000002   Code   RO         2142    .ARM.Collect$$libshutdown$$00000010  c_w.l(libshutdown2.o)
    0x080001d8   0x080001d8   0x00000000   Code   RO         1928    .ARM.Collect$$rtentry$$00000000  c_w.l(__rtentry.o)
    0x080001d8   0x080001d8   0x00000000   Code   RO         1954    .ARM.Collect$$rtentry$$00000002  c_w.l(__rtentry2.o)
    0x080001d8   0x080001d8   0x00000006   Code   RO         1966    .ARM.Collect$$rtentry$$00000004  c_w.l(__rtentry4.o)
    0x080001de   0x080001de   0x00000000   Code   RO         1956    .ARM.Collect$$rtentry$$00000009  c_w.l(__rtentry2.o)
    0x080001de   0x080001de   0x00000004   Code   RO         1957    .ARM.Collect$$rtentry$$0000000A  c_w.l(__rtentry2.o)
    0x080001e2   0x080001e2   0x00000000   Code   RO         1959    .ARM.Collect$$rtentry$$0000000C  c_w.l(__rtentry2.o)
    0x080001e2   0x080001e2   0x00000008   Code   RO         1960    .ARM.Collect$$rtentry$$0000000D  c_w.l(__rtentry2.o)
    0x080001ea   0x080001ea   0x00000002   Code   RO         2151    .ARM.Collect$$rtexit$$00000000  c_w.l(rtexit.o)
    0x080001ec   0x080001ec   0x00000000   Code   RO         2209    .ARM.Collect$$rtexit$$00000002  c_w.l(rtexit2.o)
    0x080001ec   0x080001ec   0x00000004   Code   RO         2210    .ARM.Collect$$rtexit$$00000003  c_w.l(rtexit2.o)
    0x080001f0   0x080001f0   0x00000006   Code   RO         2211    .ARM.Collect$$rtexit$$00000004  c_w.l(rtexit2.o)
    0x080001f6   0x080001f6   0x00000002   PAD
    0x080001f8   0x080001f8   0x00000000   Code   RO         2215    .emb_text           c_w.l(maybetermalloc1.o)
    0x080001f8   0x080001f8   0x00000040   Code   RO            4    .text               startup_stm32f10x_hd.o
    0x08000238   0x08000238   0x000001e0   Code   RO           27    .text               system_stm32f10x.o
    0x08000418   0x08000418   0x000000d4   Code   RO          142    .text               main.o
    0x080004ec   0x080004ec   0x00000016   Code   RO          263    .text               stm32f10x_it.o
    0x08000502   0x08000502   0x00000002   PAD
    0x08000504   0x08000504   0x00000140   Code   RO          391    .text               los_priqueue.o
    0x08000644   0x08000644   0x000008d0   Code   RO          438    .text               los_swtmr.o
    0x08000f14   0x08000f14   0x0000015c   Code   RO          554    .text               los_sys.o
    0x08001070   0x08001070   0x00001254   Code   RO          581    .text               los_task.o
    0x080022c4   0x080022c4   0x00000030   Code   RO          636    .text               los_tick.o
    0x080022f4   0x080022f4   0x00000058   Code   RO          675    .text               los_timeslice.o
    0x0800234c   0x0800234c   0x000003f4   Code   RO          749    .text               los_mux.o
    0x08002740   0x08002740   0x00000880   Code   RO          799    .text               los_queue.o
    0x08002fc0   0x08002fc0   0x000003e4   Code   RO          843    .text               los_sem.o
    0x080033a4   0x080033a4   0x0000040c   Code   RO          876    .text               los_heap.o
    0x080037b0   0x080037b0   0x0000031a   Code   RO          951    .text               los_slab.o
    0x08003aca   0x08003aca   0x0000032e   Code   RO          983    .text               los_slabmem.o
    0x08003df8   0x08003df8   0x000001ac   Code   RO         1007    .text               los_membox.o
    0x08003fa4   0x08003fa4   0x00000046   Code   RO         1031    .text               los_misc.o
    0x08003fea   0x08003fea   0x00000002   PAD
    0x08003fec   0x08003fec   0x00000044   Code   RO         1055    .text               los_err.o
    0x08004030   0x08004030   0x00000178   Code   RO         1119    .text               los_init.o
    0x080041a8   0x080041a8   0x00000354   Code   RO         1150    .text               los_memory.o
    0x080044fc   0x080044fc   0x000000cc   Code   RO         1174    .text               los_dispatch_keil.o
    0x080045c8   0x080045c8   0x000000fc   Code   RO         1180    .text               los_hw.o
    0x080046c4   0x080046c4   0x000001a8   Code   RO         1204    .text               los_hw_tick.o
    0x0800486c   0x0800486c   0x00000034   Code   RO         1232    .text               los_hwi.o
    0x080048a0   0x080048a0   0x000003a4   Code   RO         1403    .text               stm32f10x_rcc.o
    0x08004c44   0x08004c44   0x0000035c   Code   RO         1501    .text               stm32f10x_gpio.o
    0x08004fa0   0x08004fa0   0x000000dc   Code   RO         1789    .text               misc.o
    0x0800507c   0x0800507c   0x0000004c   Code   RO         1813    .text               led.o
    0x080050c8   0x080050c8   0x000000ee   Code   RO         1836    .text               c_w.l(lludivv7m.o)
    0x080051b6   0x080051b6   0x00000002   PAD
    0x080051b8   0x080051b8   0x00000018   Code   RO         1840    .text               c_w.l(noretval__2printf.o)
    0x080051d0   0x080051d0   0x0000004e   Code   RO         1844    .text               c_w.l(_printf_pad.o)
    0x0800521e   0x0800521e   0x00000052   Code   RO         1846    .text               c_w.l(_printf_str.o)
    0x08005270   0x08005270   0x00000078   Code   RO         1848    .text               c_w.l(_printf_dec.o)
    0x080052e8   0x080052e8   0x0000007c   Code   RO         1862    .text               c_w.l(_printf_hex_int_ptr.o)
    0x08005364   0x08005364   0x00000138   Code   RO         1883    .text               c_w.l(__printf_flags_wp.o)
    0x0800549c   0x0800549c   0x0000008a   Code   RO         1896    .text               c_w.l(rt_memcpy_v6.o)
    0x08005526   0x08005526   0x00000010   Code   RO         1898    .text               c_w.l(aeabi_memset.o)
    0x08005536   0x08005536   0x00000044   Code   RO         1900    .text               c_w.l(rt_memclr.o)
    0x0800557a   0x0800557a   0x0000004e   Code   RO         1902    .text               c_w.l(rt_memclr_w.o)
    0x080055c8   0x080055c8   0x00000056   Code   RO         1904    .text               c_w.l(strncpy.o)
    0x0800561e   0x0800561e   0x00000006   Code   RO         1906    .text               c_w.l(heapauxi.o)
    0x08005624   0x08005624   0x000000b2   Code   RO         1933    .text               c_w.l(_printf_intcommon.o)
    0x080056d6   0x080056d6   0x0000002c   Code   RO         1935    .text               c_w.l(_printf_char.o)
    0x08005702   0x08005702   0x00000002   PAD
    0x08005704   0x08005704   0x00000024   Code   RO         1937    .text               c_w.l(_printf_char_file.o)
    0x08005728   0x08005728   0x00000064   Code   RO         1946    .text               c_w.l(rt_memcpy_w.o)
    0x0800578c   0x0800578c   0x00000030   Code   RO         1970    .text               c_w.l(_printf_char_common.o)
    0x080057bc   0x080057bc   0x00000008   Code   RO         1972    .text               c_w.l(ferror.o)
    0x080057c4   0x080057c4   0x00000138   Code   RO         1978    .text               c_w.l(initio.o)
    0x080058fc   0x080058fc   0x00000066   Code   RO         1986    .text               c_w.l(sys_io.o)
    0x08005962   0x08005962   0x0000004a   Code   RO         1993    .text               c_w.l(sys_stackheap_outer.o)
    0x080059ac   0x080059ac   0x0000004e   Code   RO         1997    .text               c_w.l(h1_free.o)
    0x080059fa   0x080059fa   0x000001d6   Code   RO         2053    .text               c_w.l(flsbuf.o)
    0x08005bd0   0x08005bd0   0x00000046   Code   RO         2055    .text               c_w.l(setvbuf.o)
    0x08005c16   0x08005c16   0x00000002   PAD
    0x08005c18   0x08005c18   0x000000ec   Code   RO         2058    .text               c_w.l(fopen.o)
    0x08005d04   0x08005d04   0x0000004c   Code   RO         2060    .text               c_w.l(fclose.o)
    0x08005d50   0x08005d50   0x00000012   Code   RO         2066    .text               c_w.l(exit.o)
    0x08005d62   0x08005d62   0x0000000e   Code   RO         2072    .text               c_w.l(defsig_rtred_outer.o)
    0x08005d70   0x08005d70   0x00000008   Code   RO         2145    .text               c_w.l(libspace.o)
    0x08005d78   0x08005d78   0x00000002   Code   RO         2148    .text               c_w.l(use_no_semi.o)
    0x08005d7a   0x08005d7a   0x00000000   Code   RO         2150    .text               c_w.l(indicate_semi.o)
    0x08005d7a   0x08005d7a   0x00000002   PAD
    0x08005d7c   0x08005d7c   0x00000008   Code   RO         2158    .text               c_w.l(rt_heap_descriptor_intlibspace.o)
    0x08005d84   0x08005d84   0x00000004   Code   RO         2160    .text               c_w.l(hguard.o)
    0x08005d88   0x08005d88   0x0000008a   Code   RO         2162    .text               c_w.l(init_alloc.o)
    0x08005e12   0x08005e12   0x0000005e   Code   RO         2168    .text               c_w.l(h1_alloc.o)
    0x08005e70   0x08005e70   0x000000f8   Code   RO         2184    .text               c_w.l(fseek.o)
    0x08005f68   0x08005f68   0x000000f0   Code   RO         2186    .text               c_w.l(stdio.o)
    0x08006058   0x08006058   0x0000000a   Code   RO         2192    .text               c_w.l(defsig_exit.o)
    0x08006062   0x08006062   0x00000002   PAD
    0x08006064   0x08006064   0x00000034   Code   RO         2196    .text               c_w.l(defsig_rtred_inner.o)
    0x08006098   0x08006098   0x0000003e   Code   RO         2200    .text               c_w.l(strlen.o)
    0x080060d6   0x080060d6   0x00000002   PAD
    0x080060d8   0x080060d8   0x0000000c   Code   RO         2206    .text               c_w.l(sys_exit.o)
    0x080060e4   0x080060e4   0x0000000e   Code   RO         2217    .text               c_w.l(h1_init.o)
    0x080060f2   0x080060f2   0x00000034   Code   RO         2219    .text               c_w.l(h1_extend.o)
    0x08006126   0x08006126   0x00000042   Code   RO         2229    .text               c_w.l(ftell.o)
    0x08006168   0x08006168   0x00000032   Code   RO         2237    .text               c_w.l(defsig_general.o)
    0x0800619a   0x0800619a   0x0000000e   Code   RO         2239    .text               c_w.l(defsig_rtmem_outer.o)
    0x080061a8   0x080061a8   0x0000000e   Code   RO         2252    .text               c_w.l(sys_wrch.o)
    0x080061b6   0x080061b6   0x00000002   PAD
    0x080061b8   0x080061b8   0x00000008   Code   RO         2259    .text               c_w.l(rt_errno_addr_intlibspace.o)
    0x080061c0   0x080061c0   0x00000050   Code   RO         2265    .text               c_w.l(defsig_rtmem_inner.o)
    0x08006210   0x08006210   0x0000000e   Code   RO         1881    i._is_digit         c_w.l(__printf_wp.o)
    0x0800621e   0x0800621e   0x0000001a   Code   RO         1975    i.fputc             c_w.l(fputc.o)
    0x08006238   0x08006238   0x00000006   Code   RO          969    i.osAtomicBitsetGetNumBits  los_slab.o
    0x0800623e   0x0800623e   0x00000002   PAD
    0x08006240   0x08006240   0x000002b0   Code   RO         1911    x$fpl$ddiv          fz_ws.l(ddiv.o)
    0x080064f0   0x080064f0   0x00000026   Code   RO         1918    x$fpl$dfltu         fz_ws.l(dflt_clz.o)
    0x08006516   0x08006516   0x00000002   PAD
    0x08006518   0x08006518   0x0000008a   Code   RO         1925    x$fpl$dfltull       fz_ws.l(dfltll_clz.o)
    0x080065a2   0x080065a2   0x0000009c   Code   RO         1948    x$fpl$dnaninf       fz_ws.l(dnaninf.o)
    0x0800663e   0x0800663e   0x0000000c   Code   RO         1950    x$fpl$dretinf       fz_ws.l(dretinf.o)
    0x0800664a   0x0800664a   0x00000002   PAD
    0x0800664c   0x0800664c   0x00000078   Code   RO         1914    x$fpl$llufromd      fz_ws.l(dfixull.o)
    0x080066c4   0x080066c4   0x00000000   Code   RO         1952    x$fpl$usenofp       fz_ws.l(usenofp.o)
    0x080066c4   0x080066c4   0x00000028   Data   RO         1863    .constdata          c_w.l(_printf_hex_int_ptr.o)
    0x080066ec   0x080066ec   0x00000011   Data   RO         1884    .constdata          c_w.l(__printf_flags_wp.o)
    0x080066fd   0x080066fd   0x00000004   Data   RO         1987    .constdata          c_w.l(sys_io.o)
    0x08006701   0x08006701   0x00000004   Data   RO         1988    .constdata          c_w.l(sys_io.o)
    0x08006705   0x08006705   0x00000004   Data   RO         1989    .constdata          c_w.l(sys_io.o)
    0x08006709   0x08006709   0x00000003   PAD
    0x0800670c   0x0800670c   0x00000150   Data   RO          583    .conststring        los_task.o
    0x0800685c   0x0800685c   0x00000020   Data   RO         2288    Region$$Table       anon$$obj.o


    Execution Region RW_IRAM1 (Exec base: 0x20000000, Load base: 0x0800687c, Size: 0x00000a00, Max: 0x00010000, ABSOLUTE)

    Exec Addr    Load Addr    Size         Type   Attr      Idx    E Section Name        Object

    0x20000000   0x0800687c   0x00000014   Data   RW           28    .data               system_stm32f10x.o
    0x20000014   0x08006890   0x00000004   Data   RW          143    .data               main.o
    0x20000018   0x08006894   0x00000008   Data   RW          392    .data               los_priqueue.o
    0x20000020   0x0800689c   0x0000001c   Data   RW          440    .data               los_swtmr.o
    0x2000003c   0x080068b8   0x00000048   Data   RW          584    .data               los_task.o
    0x20000084   0x08006900   0x00000004   PAD
    0x20000088   0x08006904   0x0000001c   Data   RW          637    .data               los_tick.o
    0x200000a4   0x08006920   0x00000008   Data   RW          676    .data               los_timeslice.o
    0x200000ac   0x08006928   0x0000000c   Data   RW          750    .data               los_mux.o
    0x200000b8   0x08006934   0x0000000c   Data   RW          800    .data               los_queue.o
    0x200000c4   0x08006940   0x0000000c   Data   RW          844    .data               los_sem.o
    0x200000d0   0x0800694c   0x00000010   Data   RW          877    .data               los_heap.o
    0x200000e0   0x0800695c   0x00000004   Data   RW         1056    .data               los_err.o
    0x200000e4   0x08006960   0x00000004   Data   RW         1120    .data               los_init.o
    0x200000e8   0x08006964   0x00000004   Data   RW         1151    .data               los_memory.o
    0x200000ec   0x08006968   0x00000014   Data   RW         1404    .data               stm32f10x_rcc.o
    0x20000100   0x0800697c   0x00000004   Data   RW         1943    .data               c_w.l(stdio_streams.o)
    0x20000104   0x08006980   0x00000004   Data   RW         1944    .data               c_w.l(stdio_streams.o)
    0x20000108   0x08006984   0x00000004   Data   RW         1945    .data               c_w.l(stdio_streams.o)
    0x2000010c        -       0x00000040   Zero   RW          439    .bss                los_swtmr.o
    0x2000014c        -       0x00000156   Zero   RW          582    .bss                los_task.o
    0x200002a2   0x08006988   0x00000002   PAD
    0x200002a4        -       0x00000054   Zero   RW         1940    .bss                c_w.l(stdio_streams.o)
    0x200002f8        -       0x00000054   Zero   RW         1941    .bss                c_w.l(stdio_streams.o)
    0x2000034c        -       0x00000054   Zero   RW         1942    .bss                c_w.l(stdio_streams.o)
    0x200003a0        -       0x00000060   Zero   RW         2146    .bss                c_w.l(libspace.o)
    0x20000400        -       0x00000200   Zero   RW            2    HEAP                startup_stm32f10x_hd.o
    0x20000600        -       0x00000400   Zero   RW            1    STACK               startup_stm32f10x_hd.o


==============================================================================

Image component sizes


      Code (inc. data)   RO Data    RW Data    ZI Data      Debug   Object Name

         0          0          0          0          0       3160   cmsis_liteos.o
         0          0          0          0          0       4508   core_cm3.o
        76          8          0          0          0        447   led.o
       204         24          0          0          0        388   los_dispatch_keil.o
        68         10          0          4          0       2230   los_err.o
      1036         92          0         16          0       5218   los_heap.o
       252         14          0          0          0       1721   los_hw.o
       424         28          0          0          0      23965   los_hw_tick.o
        52         10          0          0          0       2050   los_hwi.o
       376        134          0          4          0       1749   los_init.o
       428          4          0          0          0       3782   los_membox.o
       852         70          0          4          0       5443   los_memory.o
        70          0          0          0          0        799   los_misc.o
      1012         94          0         12          0      13288   los_mux.o
       320         14          0          8          0      11594   los_priqueue.o
      2176         86          0         12          0      20637   los_queue.o
       996        128          0         12          0       5340   los_sem.o
       800          0          0          0          0       7478   los_slab.o
       814          0          0          0          0       5088   los_slabmem.o
      2256         84          0         28         64      25941   los_swtmr.o
       348         20          0          0          0       2413   los_sys.o
      4692        504        336         72        342      24720   los_task.o
        48          8          0         28          0       1088   los_tick.o
        88         12          0          8          0        863   los_timeslice.o
       212         62          0          4          0     216318   main.o
       220         22          0          0          0       1689   misc.o
        64         26        304          0       1536        820   startup_stm32f10x_hd.o
       860         38          0          0          0       5625   stm32f10x_gpio.o
        22          0          0          0          0        979   stm32f10x_it.o
       932         36          0         20          0       8760   stm32f10x_rcc.o
       480         38          0         20          0      18807   system_stm32f10x.o

    ----------------------------------------------------------------------
     20184       1566        672        256       1944     426908   Object Totals
         0          0         32          0          0          0   (incl. Generated)
         6          0          0          4          2          0   (incl. Padding)

    ----------------------------------------------------------------------

      Code (inc. data)   RO Data    RW Data    ZI Data      Debug   Library Member Name

         8          0          0          0          0         68   __main.o
       312          4         17          0          0         92   __printf_flags_wp.o
        14          0          0          0          0         68   __printf_wp.o
         0          0          0          0          0          0   __rtentry.o
        12          0          0          0          0          0   __rtentry2.o
         6          0          0          0          0          0   __rtentry4.o
        52          8          0          0          0          0   __scatter.o
        26          0          0          0          0          0   __scatter_copy.o
        28          0          0          0          0          0   __scatter_zi.o
        44          0          0          0          0        108   _printf_char.o
        48          6          0          0          0         96   _printf_char_common.o
        36          4          0          0          0         80   _printf_char_file.o
         6          0          0          0          0          0   _printf_d.o
       120         16          0          0          0         92   _printf_dec.o
       124          4         40          0          0        144   _printf_hex_int_ptr.o
       178          0          0          0          0         88   _printf_intcommon.o
         6          0          0          0          0          0   _printf_p.o
        78          0          0          0          0        108   _printf_pad.o
         0          0          0          0          0          0   _printf_percent.o
         4          0          0          0          0          0   _printf_percent_end.o
         6          0          0          0          0          0   _printf_s.o
        82          0          0          0          0         80   _printf_str.o
         6          0          0          0          0          0   _printf_x.o
        16          0          0          0          0         68   aeabi_memset.o
        10          0          0          0          0         68   defsig_exit.o
        50          0          0          0          0         88   defsig_general.o
        80         58          0          0          0         76   defsig_rtmem_inner.o
        14          0          0          0          0         80   defsig_rtmem_outer.o
        52         38          0          0          0         76   defsig_rtred_inner.o
        14          0          0          0          0         80   defsig_rtred_outer.o
        18          0          0          0          0         80   exit.o
        76          0          0          0          0         88   fclose.o
         8          0          0          0          0         68   ferror.o
       470          0          0          0          0         88   flsbuf.o
       236          4          0          0          0        128   fopen.o
        26          0          0          0          0         68   fputc.o
       248          6          0          0          0         84   fseek.o
        66          0          0          0          0         76   ftell.o
        94          0          0          0          0         80   h1_alloc.o
        52          0          0          0          0         68   h1_extend.o
        78          0          0          0          0         80   h1_free.o
        14          0          0          0          0         84   h1_init.o
         6          0          0          0          0        152   heapauxi.o
         4          0          0          0          0        136   hguard.o
         0          0          0          0          0          0   indicate_semi.o
       138          0          0          0          0        168   init_alloc.o
       312         46          0          0          0        112   initio.o
         2          0          0          0          0          0   libinit.o
        14          0          0          0          0          0   libinit2.o
         2          0          0          0          0          0   libshutdown.o
         6          0          0          0          0          0   libshutdown2.o
         8          4          0          0         96         68   libspace.o
       238          0          0          0          0        100   lludivv7m.o
         0          0          0          0          0          0   maybetermalloc1.o
        24          4          0          0          0         84   noretval__2printf.o
         8          4          0          0          0         68   rt_errno_addr_intlibspace.o
         8          4          0          0          0         68   rt_heap_descriptor_intlibspace.o
        68          0          0          0          0         68   rt_memclr.o
        78          0          0          0          0         80   rt_memclr_w.o
       138          0          0          0          0         68   rt_memcpy_v6.o
       100          0          0          0          0         80   rt_memcpy_w.o
         2          0          0          0          0          0   rtexit.o
        10          0          0          0          0          0   rtexit2.o
        70          0          0          0          0         80   setvbuf.o
       240          6          0          0          0        156   stdio.o
         0          0          0         12        252          0   stdio_streams.o
        62          0          0          0          0         76   strlen.o
        86          0          0          0          0         76   strncpy.o
        12          4          0          0          0         68   sys_exit.o
       102          0         12          0          0        240   sys_io.o
        74          0          0          0          0         80   sys_stackheap_outer.o
        14          0          0          0          0         76   sys_wrch.o
         2          0          0          0          0         68   use_no_semi.o
       688        140          0          0          0        208   ddiv.o
       120          4          0          0          0        104   dfixull.o
        38          0          0          0          0         68   dflt_clz.o
       138          0          0          0          0         84   dfltll_clz.o
       156          4          0          0          0         92   dnaninf.o
        12          0          0          0          0         68   dretinf.o
         0          0          0          0          0          0   usenofp.o

    ----------------------------------------------------------------------
      5820        368         72         12        348       5348   Library Totals
        22          0          3          0          0          0   (incl. Padding)

    ----------------------------------------------------------------------

      Code (inc. data)   RO Data    RW Data    ZI Data      Debug   Library Name

      4646        220         69         12        348       4724   c_w.l
      1152        148          0          0          0        624   fz_ws.l

    ----------------------------------------------------------------------
      5820        368         72         12        348       5348   Library Totals

    ----------------------------------------------------------------------

==============================================================================


      Code (inc. data)   RO Data    RW Data    ZI Data      Debug   

     26004       1934        744        268       2292     427260   Grand Totals
     26004       1934        744        268       2292     427260   ELF Image Totals
     26004       1934        744        268          0          0   ROM Totals

==============================================================================

    Total RO  Size (Code + RO Data)                26748 (  26.12kB)
    Total RW  Size (RW Data + ZI Data)              2560 (   2.50kB)
    Total ROM Size (Code + RO Data + RW Data)      27016 (  26.38kB)

==============================================================================

