Component: ARM Compiler 5.06 update 6 (build 750) Tool: armlink [4d35ed]

==============================================================================

Section Cross References

    startup_stm32f10x_hd.o(STACK) refers (Special) to heapauxi.o(.text) for __use_two_region_memory
    startup_stm32f10x_hd.o(HEAP) refers (Special) to heapauxi.o(.text) for __use_two_region_memory
    startup_stm32f10x_hd.o(RESET) refers (Special) to heapauxi.o(.text) for __use_two_region_memory
    startup_stm32f10x_hd.o(RESET) refers to startup_stm32f10x_hd.o(STACK) for __initial_sp
    startup_stm32f10x_hd.o(RESET) refers to startup_stm32f10x_hd.o(.text) for Reset_Handler
    startup_stm32f10x_hd.o(RESET) refers to stm32f10x_it.o(.text) for NMI_Handler
    startup_stm32f10x_hd.o(RESET) refers to los_dispatch_keil.o(.text) for PendSV_Handler
    startup_stm32f10x_hd.o(RESET) refers to los_hwi.o(.text) for SysTick_Handler
    startup_stm32f10x_hd.o(RESET) refers to usart.o(.text) for USART1_IRQHandler
    startup_stm32f10x_hd.o(.text) refers (Special) to heapauxi.o(.text) for __use_two_region_memory
    startup_stm32f10x_hd.o(.text) refers to system_stm32f10x.o(.text) for SystemInit
    startup_stm32f10x_hd.o(.text) refers to __main.o(!!!main) for __main
    startup_stm32f10x_hd.o(.text) refers to startup_stm32f10x_hd.o(HEAP) for Heap_Mem
    startup_stm32f10x_hd.o(.text) refers to startup_stm32f10x_hd.o(STACK) for Stack_Mem
    system_stm32f10x.o(.text) refers to system_stm32f10x.o(.data) for SystemCoreClock
    main.o(.text) refers to stm32f10x_gpio.o(.text) for GPIO_ReadOutputDataBit
    main.o(.text) refers to noretval__2printf.o(.text) for __2printf
    main.o(.text) refers to los_task.o(.text) for LOS_TaskDelay
    main.o(.text) refers to misc.o(.text) for NVIC_PriorityGroupConfig
    main.o(.text) refers to usart.o(.text) for uart_init
    main.o(.text) refers to delay.o(.text) for delay_init
    main.o(.text) refers to led.o(.text) for LED_Init
    main.o(.text) refers to los_init.o(.text) for LOS_KernelInit
    main.o(.text) refers to main.o(.data) for Task1_Handle
    cmsis_liteos.o(.text) refers to los_hwi.o(.text) for osIntNumGet
    cmsis_liteos.o(.text) refers to los_init.o(.text) for LOS_KernelInit
    cmsis_liteos.o(.text) refers to rt_memcpy_v6.o(.text) for __aeabi_memcpy
    cmsis_liteos.o(.text) refers to los_task.o(.text) for LOS_TaskLock
    cmsis_liteos.o(.text) refers to los_dispatch_keil.o(.text) for LOS_IntLock
    cmsis_liteos.o(.text) refers to los_hw_tick.o(.text) for LOS_GetSystickCycle
    cmsis_liteos.o(.text) refers to rt_memclr_w.o(.text) for __aeabi_memclr4
    cmsis_liteos.o(.text) refers to cmsis_liteos.o(.data) for KernelState
    cmsis_liteos.o(.text) refers to cmsis_liteos.o(.constdata) for g_stLosVersion
    cmsis_liteos.o(.text) refers to los_task.o(.data) for g_bTaskScheduled
    cmsis_liteos.o(.text) refers to los_tick.o(.data) for g_ullTickCount
    cmsis_liteos.o(.text) refers to system_stm32f10x.o(.data) for SystemCoreClock
    cmsis_liteos.o(.text) refers to los_swtmr.o(.text) for LOS_SwtmrCreate
    cmsis_liteos.o(.text) refers to los_sys.o(.text) for LOS_Tick2MS
    cmsis_liteos.o(.text) refers to los_memory.o(.text) for LOS_MemAlloc
    cmsis_liteos.o(.text) refers to los_event.o(.text) for LOS_EventInit
    cmsis_liteos.o(.text) refers to los_swtmr.o(.data) for m_pstSwtmrCBArray
    cmsis_liteos.o(.text) refers to los_init.o(.data) for m_aucSysMem0
    cmsis_liteos.o(.text) refers to los_mux.o(.text) for LOS_MuxCreate
    cmsis_liteos.o(.text) refers to los_sem.o(.text) for LOS_BinarySemCreate
    cmsis_liteos.o(.text) refers to los_queue.o(.text) for LOS_QueueCreate
    cmsis_liteos.o(.text) refers to los_mux.o(.data) for g_pstAllMux
    cmsis_liteos.o(.text) refers to los_sem.o(.data) for g_pstAllSem
    cmsis_liteos.o(.text) refers to los_queue.o(.data) for g_pstAllQueue
    los_priqueue.o(.text) refers to los_memory.o(.text) for LOS_MemAlloc
    los_priqueue.o(.text) refers to los_init.o(.data) for m_aucSysMem0
    los_priqueue.o(.text) refers to los_priqueue.o(.data) for g_pstLosPriorityQueueList
    los_swtmr.o(.text) refers to los_queue.o(.text) for LOS_QueueReadCopy
    los_swtmr.o(.text) refers to los_sys.o(.text) for LOS_TickCountGet
    los_swtmr.o(.text) refers to rt_memclr_w.o(.text) for __aeabi_memclr4
    los_swtmr.o(.text) refers to los_task.o(.text) for LOS_TaskCreate
    los_swtmr.o(.text) refers to los_memory.o(.text) for LOS_MemAlloc
    los_swtmr.o(.text) refers to los_swtmr.o(.data) for m_uwSwTmrHandlerQueue
    los_swtmr.o(.text) refers to los_task.o(.data) for g_uwSwtmrTaskID
    los_swtmr.o(.text) refers to los_swtmr.o(.bss) for m_uwSwTmrAlignID
    los_swtmr.o(.text) refers to los_init.o(.data) for m_aucSysMem0
    los_swtmr.o(.text) refers to los_dispatch_keil.o(.text) for LOS_IntLock
    los_sys.o(.text) refers to lludivv7m.o(.text) for __aeabi_uldivmod
    los_sys.o(.text) refers to dflt_clz.o(x$fpl$dfltu) for __aeabi_ui2d
[...]
    .ARM.Collect$$libshutdown$$00000000      0x080001c4   Section        2  libshutdown.o(.ARM.Collect$$libshutdown$$00000000)
    .ARM.Collect$$libshutdown$$00000002      0x080001c6   Section        0  libshutdown2.o(.ARM.Collect$$libshutdown$$00000002)
    .ARM.Collect$$libshutdown$$00000004      0x080001c6   Section        0  libshutdown2.o(.ARM.Collect$$libshutdown$$00000004)
    .ARM.Collect$$libshutdown$$00000007      0x080001c6   Section        0  libshutdown2.o(.ARM.Collect$$libshutdown$$00000007)
    .ARM.Collect$$libshutdown$$0000000A      0x080001c6   Section        0  libshutdown2.o(.ARM.Collect$$libshutdown$$0000000A)
    .ARM.Collect$$libshutdown$$0000000C      0x080001c6   Section        0  libshutdown2.o(.ARM.Collect$$libshutdown$$0000000C)
    .ARM.Collect$$libshutdown$$0000000F      0x080001c6   Section        0  libshutdown2.o(.ARM.Collect$$libshutdown$$0000000F)
    .ARM.Collect$$libshutdown$$00000010      0x080001c6   Section        2  libshutdown2.o(.ARM.Collect$$libshutdown$$00000010)
    .ARM.Collect$$rtentry$$00000000          0x080001c8   Section        0  __rtentry.o(.ARM.Collect$$rtentry$$00000000)
    .ARM.Collect$$rtentry$$00000002          0x080001c8   Section        0  __rtentry2.o(.ARM.Collect$$rtentry$$00000002)
    .ARM.Collect$$rtentry$$00000004          0x080001c8   Section        6  __rtentry4.o(.ARM.Collect$$rtentry$$00000004)
    .ARM.Collect$$rtentry$$00000009          0x080001ce   Section        0  __rtentry2.o(.ARM.Collect$$rtentry$$00000009)
    .ARM.Collect$$rtentry$$0000000A          0x080001ce   Section        4  __rtentry2.o(.ARM.Collect$$rtentry$$0000000A)
    .ARM.Collect$$rtentry$$0000000C          0x080001d2   Section        0  __rtentry2.o(.ARM.Collect$$rtentry$$0000000C)
    .ARM.Collect$$rtentry$$0000000D          0x080001d2   Section        8  __rtentry2.o(.ARM.Collect$$rtentry$$0000000D)
    .ARM.Collect$$rtexit$$00000000           0x080001da   Section        2  rtexit.o(.ARM.Collect$$rtexit$$00000000)
    .ARM.Collect$$rtexit$$00000002           0x080001dc   Section        0  rtexit2.o(.ARM.Collect$$rtexit$$00000002)
    .ARM.Collect$$rtexit$$00000003           0x080001dc   Section        4  rtexit2.o(.ARM.Collect$$rtexit$$00000003)
    .ARM.Collect$$rtexit$$00000004           0x080001e0   Section        6  rtexit2.o(.ARM.Collect$$rtexit$$00000004)
    .text                                    0x080001e8   Section       64  startup_stm32f10x_hd.o(.text)
    .text                                    0x08000228   Section        0  system_stm32f10x.o(.text)
    SetSysClockTo72                          0x08000229   Thumb Code   214  system_stm32f10x.o(.text)
    SetSysClock                              0x080002ff   Thumb Code     8  system_stm32f10x.o(.text)
    .text                                    0x08000408   Section        0  main.o(.text)
    led_task                                 0x08000409   Thumb Code    52  main.o(.text)
    Creat_LED_Task                           0x0800043d   Thumb Code    42  main.o(.text)
    Creat_Task                               0x08000467   Thumb Code    26  main.o(.text)
    .text                                    0x0800054c   Section        0  stm32f10x_it.o(.text)
    .text                                    0x08000564   Section        0  los_priqueue.o(.text)
    LOS_ListEmpty                            0x08000687   Thumb Code    16  los_priqueue.o(.text)
    .text                                    0x080006a4   Section        0  los_swtmr.o(.text)
    osSwtmrDelete                            0x08000991   Thumb Code    40  los_swtmr.o(.text)
    osSwTmrTimeoutHandle                     0x08000a2d   Thumb Code   164  los_swtmr.o(.text)
    .text                                    0x08000f74   Section        0  los_sys.o(.text)
    .text                                    0x080010d0   Section        0  los_task.o(.text)
    LOS_ListAdd                              0x080010d1   Thumb Code    14  los_task.o(.text)
    LOS_ListDelete                           0x080010df   Thumb Code    20  los_task.o(.text)
    LOS_ListInit                             0x080022d9   Thumb Code    44  los_task.o(.text)
    LOS_ListTailInsert                       0x08002305   Thumb Code    16  los_task.o(.text)
    LOS_ListEmpty                            0x08002315   Thumb Code    16  los_task.o(.text)
    .text                                    0x08002324   Section        0  los_tick.o(.text)
    .text                                    0x08002354   Section        0  los_timeslice.o(.text)
    .text                                    0x080023ac   Section        0  los_mux.o(.text)
    LOS_ListAdd                              0x080023ad   Thumb Code    14  los_mux.o(.text)
    LOS_ListInit                             0x0800272d   Thumb Code     6  los_mux.o(.text)
    LOS_ListEmpty                            0x08002733   Thumb Code    16  los_mux.o(.text)
    .text                                    0x080027a0   Section        0  los_queue.o(.text)
    LOS_ListAdd                              0x080027a1   Thumb Code    14  los_queue.o(.text)
    osQueueReadParameterCheck                0x080028e3   Thumb Code    62  los_queue.o(.text)
    osQueueWriteParameterCheck               0x08002921   Thumb Code    60  los_queue.o(.text)
    osQueueBufferOperate                     0x0800295d   Thumb Code   226  los_queue.o(.text)
    LOS_ListInit                             0x08002ff5   Thumb Code     6  los_queue.o(.text)
    LOS_ListEmpty                            0x08002ffb   Thumb Code    16  los_queue.o(.text)
    .text                                    0x08003020   Section        0  los_sem.o(.text)
    LOS_ListAdd                              0x08003021   Thumb Code    14  los_sem.o(.text)
    LOS_ListInit                             0x0800336f   Thumb Code     6  los_sem.o(.text)
    LOS_ListEmpty                            0x08003375   Thumb Code    16  los_sem.o(.text)
    .text                                    0x08003404   Section        0  los_heap.o(.text)
    .text                                    0x08003810   Section        0  los_slab.o(.text)
    .text                                    0x08003b2a   Section        0  los_slabmem.o(.text)
    .text                                    0x08003e58   Section        0  los_membox.o(.text)
    .text                                    0x08004004   Section        0  los_misc.o(.text)
    .text                                    0x0800404c   Section        0  los_err.o(.text)
    .text                                    0x08004090   Section        0  los_init.o(.text)
    osRegister                               0x080040a7   Thumb Code     8  los_init.o(.text)
    .text                                    0x08004208   Section        0  los_memory.o(.text)
    .text                                    0x0800455c   Section      204  los_dispatch_keil.o(.text)
    .text                                    0x08004628   Section        0  los_hw.o(.text)
    .text                                    0x08004724   Section        0  los_hw_tick.o(.text)
    .text                                    0x080048cc   Section        0  los_hwi.o(.text)
    .text                                    0x08004900   Section        0  stm32f10x_usart.o(.text)
    .text                                    0x08004d08   Section        0  stm32f10x_rcc.o(.text)
    .text                                    0x080050ac   Section        0  stm32f10x_gpio.o(.text)
    .text                                    0x08005408   Section        0  misc.o(.text)
    .text                                    0x080054e4   Section        0  led.o(.text)
    .text                                    0x08005530   Section        0  delay.o(.text)
    .text                                    0x08005634   Section        0  usart.o(.text)
    .text                                    0x0800577c   Section        2  use_no_semi_2.o(.text)
    .text                                    0x0800577e   Section      238  lludivv7m.o(.text)
    .text                                    0x0800586c   Section        0  noretval__2printf.o(.text)
    .text                                    0x08005884   Section        0  _printf_pad.o(.text)
    .text                                    0x080058d2   Section        0  _printf_str.o(.text)
    .text                                    0x08005924   Section        0  _printf_dec.o(.text)
    .text                                    0x0800599c   Section        0  _printf_hex_int_ptr.o(.text)
    _printf_hex_common                       0x0800599d   Thumb Code     0  _printf_hex_int_ptr.o(.text)
    .text                                    0x08005a18   Section        0  __printf_flags_wp.o(.text)
    .text                                    0x08005b50   Section      138  rt_memcpy_v6.o(.text)
    .text                                    0x08005bda   Section       16  aeabi_memset.o(.text)
    .text                                    0x08005bea   Section       68  rt_memclr.o(.text)
    .text                                    0x08005c2e   Section       78  rt_memclr_w.o(.text)
    .text                                    0x08005c7c   Section       86  strncpy.o(.text)
    .text                                    0x08005cd2   Section        0  heapauxi.o(.text)
    .text                                    0x08005cd8   Section        2  use_no_semi.o(.text)
    .text                                    0x08005cda   Section        0  _printf_intcommon.o(.text)
    .text                                    0x08005d8c   Section        0  _printf_char.o(.text)
    .text                                    0x08005db8   Section        0  _printf_char_file.o(.text)
    .text                                    0x08005ddc   Section      100  rt_memcpy_w.o(.text)
    .text                                    0x08005e40   Section        0  _printf_char_common.o(.text)
    _printf_input_char                       0x08005e41   Thumb Code    10  _printf_char_common.o(.text)
    .text                                    0x08005e70   Section        0  ferror.o(.text)
    .text                                    0x08005e78   Section       74  sys_stackheap_outer.o(.text)
    .text                                    0x08005ec2   Section        0  exit.o(.text)
    .text                                    0x08005ed4   Section        8  libspace.o(.text)
    i._is_digit                              0x08005edc   Section        0  __printf_wp.o(i._is_digit)
    i.osAtomicBitsetGetNumBits               0x08005eea   Section        0  los_slab.o(i.osAtomicBitsetGetNumBits)
    x$fpl$ddiv                               0x08005ef0   Section      688  ddiv.o(x$fpl$ddiv)
    ddiv_entry                               0x08005ef7   Thumb Code     0  ddiv.o(x$fpl$ddiv)
    x$fpl$dfltu                              0x080061a0   Section       38  dflt_clz.o(x$fpl$dfltu)
    x$fpl$dfltull                            0x080061c8   Section      138  dfltll_clz.o(x$fpl$dfltull)
    x$fpl$dnaninf                            0x08006252   Section      156  dnaninf.o(x$fpl$dnaninf)
    x$fpl$dretinf                            0x080062ee   Section       12  dretinf.o(x$fpl$dretinf)
    x$fpl$llufromd                           0x080062fc   Section      120  dfixull.o(x$fpl$llufromd)
    .constdata                               0x08006374   Section       40  _printf_hex_int_ptr.o(.constdata)
    x$fpl$usenofp                            0x08006374   Section        0  usenofp.o(x$fpl$usenofp)
    uc_hextab                                0x08006374   Data          20  _printf_hex_int_ptr.o(.constdata)
    lc_hextab                                0x08006388   Data          20  _printf_hex_int_ptr.o(.constdata)
    .constdata                               0x0800639c   Section       17  __printf_flags_wp.o(.constdata)
    maptable                                 0x0800639c   Data          17  __printf_flags_wp.o(.constdata)
    .conststring                             0x080063b0   Section      336  los_task.o(.conststring)
    .data                                    0x20000000   Section       20  system_stm32f10x.o(.data)
    .data                                    0x20000014   Section        4  main.o(.data)
    .data                                    0x20000018   Section        8  los_priqueue.o(.data)
    g_uwPriQueueBitmap                       0x2000001c   Data           4  los_priqueue.o(.data)
    .data                                    0x20000020   Section       28  los_swtmr.o(.data)
    m_uwSwtimerRousesTime                    0x20000030   Data           4  los_swtmr.o(.data)
    m_pstRouses                              0x20000034   Data           4  los_swtmr.o(.data)
    m_pstRousesPrev                          0x20000038   Data           4  los_swtmr.o(.data)
    .data                                    0x2000003c   Section       72  los_task.o(.data)
    .data                                    0x20000088   Section       28  los_tick.o(.data)
    .data                                    0x200000a4   Section        8  los_timeslice.o(.data)
    .data                                    0x200000ac   Section       12  los_mux.o(.data)
    .data                                    0x200000b8   Section       12  los_queue.o(.data)
    .data                                    0x200000c4   Section       12  los_sem.o(.data)
    .data                                    0x200000d0   Section       16  los_heap.o(.data)
    g_uwAllocCount                           0x200000d0   Data           4  los_heap.o(.data)
    g_uwFreeCount                            0x200000d4   Data           4  los_heap.o(.data)
    g_uwCurHeapUsed                          0x200000d8   Data           4  los_heap.o(.data)
    g_uwMaxHeapUsed                          0x200000dc   Data           4  los_heap.o(.data)
    .data                                    0x200000e0   Section        4  los_err.o(.data)
    .data                                    0x200000e4   Section        4  los_init.o(.data)
    .data                                    0x200000e8   Section        4  los_memory.o(.data)
    .data                                    0x200000ec   Section       20  stm32f10x_rcc.o(.data)
    APBAHBPrescTable                         0x200000ec   Data          16  stm32f10x_rcc.o(.data)
    ADCPrescTable                            0x200000fc   Data           4  stm32f10x_rcc.o(.data)
    .data                                    0x20000100   Section        4  delay.o(.data)
    fac_us                                   0x20000100   Data           1  delay.o(.data)
    fac_ms                                   0x20000102   Data           2  delay.o(.data)
    .data                                    0x20000104   Section        6  usart.o(.data)
    .bss                                     0x2000010c   Section       64  los_swtmr.o(.bss)
    .bss                                     0x2000014c   Section      342  los_task.o(.bss)
    .bss                                     0x200002a2   Section      200  usart.o(.bss)
    .bss                                     0x2000036c   Section       96  libspace.o(.bss)
    HEAP                                     0x200003d0   Section      512  startup_stm32f10x_hd.o(HEAP)
    Heap_Mem                                 0x200003d0   Data         512  startup_stm32f10x_hd.o(HEAP)
    STACK                                    0x200005d0   Section     1024  startup_stm32f10x_hd.o(STACK)
    Stack_Mem                                0x200005d0   Data        1024  startup_stm32f10x_hd.o(STACK)
    __initial_sp                             0x200009d0   Data           0  startup_stm32f10x_hd.o(STACK)

    Global Symbols

    Symbol Name                              Value     Ov Type        Size  Object(Section)

    BuildAttributes$$THM_ISAv4$P$D$K$B$S$PE$A:L22UL41UL21$X:L11$S22US41US21$IEEE1$IW$USESV6$~STKCKD$USESV7$~SHL$OSPACE$ROPI$EBA8$UX$STANDARDLIB$REQ8$PRES8$EABIv2 0x00000000   Number         0  anon$$obj.o ABSOLUTE
    __ARM_use_no_argv                        0x00000000   Number         0  main.o ABSOLUTE
    _printf_flags                            0x00000000   Number         0  printf_stubs.o ABSOLUTE
    _printf_return_value                     0x00000000   Number         0  printf_stubs.o ABSOLUTE
    _printf_sizespec                         0x00000000   Number         0  printf_stubs.o ABSOLUTE
    _printf_widthprec                        0x00000000   Number         0  printf_stubs.o ABSOLUTE
    __ARM_exceptions_init                     - Undefined Weak Reference
    __alloca_initialize                       - Undefined Weak Reference
    __arm_preinit_                            - Undefined Weak Reference
    __cpp_initialize__aeabi_                  - Undefined Weak Reference
    __cxa_finalize                            - Undefined Weak Reference
    __rt_locale                               - Undefined Weak Reference
    __sigvec_lookup                           - Undefined Weak Reference
    _atexit_init                              - Undefined Weak Reference
    _call_atexit_fns                          - Undefined Weak Reference
    _clock_init                               - Undefined Weak Reference
    _fp_trap_init                             - Undefined Weak Reference
    _fp_trap_shutdown                         - Undefined Weak Reference
    _get_lc_collate                           - Undefined Weak Reference
    _get_lc_ctype                             - Undefined Weak Reference
    _get_lc_monetary                          - Undefined Weak Reference
    _get_lc_numeric                           - Undefined Weak Reference
    _get_lc_time                              - Undefined Weak Reference
    _getenv_init                              - Undefined Weak Reference
    _handle_redirection                       - Undefined Weak Reference
    _init_alloc                               - Undefined Weak Reference
    _init_user_alloc                          - Undefined Weak Reference
    _initio                                   - Undefined Weak Reference
    _mutex_acquire                            - Undefined Weak Reference
    _mutex_release                            - Undefined Weak Reference
    _printf_mbtowc                            - Undefined Weak Reference
    _printf_truncate_signed                   - Undefined Weak Reference
    _printf_truncate_unsigned                 - Undefined Weak Reference
    _rand_init                                - Undefined Weak Reference
    _signal_finish                            - Undefined Weak Reference
    _signal_init                              - Undefined Weak Reference
    _terminate_alloc                          - Undefined Weak Reference
    _terminate_user_alloc                     - Undefined Weak Reference
    _terminateio                              - Undefined Weak Reference
    __Vectors_Size                           0x00000130   Number         0  startup_stm32f10x_hd.o ABSOLUTE
    __Vectors                                0x08000000   Data           4  startup_stm32f10x_hd.o(RESET)
    __Vectors_End                            0x08000130   Data           0  startup_stm32f10x_hd.o(RESET)
    __main                                   0x08000131   Thumb Code     8  __main.o(!!!main)
    __scatterload                            0x08000139   Thumb Code     0  __scatter.o(!!!scatter)
    __scatterload_rt2                        0x08000139   Thumb Code    44  __scatter.o(!!!scatter)
    __scatterload_rt2_thumb_only             0x08000139   Thumb Code     0  __scatter.o(!!!scatter)
    __scatterload_null                       0x08000147   Thumb Code     0  __scatter.o(!!!scatter)
    __scatterload_copy                       0x0800016d   Thumb Code    26  __scatter_copy.o(!!handler_copy)
    __scatterload_zeroinit                   0x08000189   Thumb Code    28  __scatter_zi.o(!!handler_zi)
    _printf_p                                0x080001a5   Thumb Code     0  _printf_p.o(.ARM.Collect$$_printf_percent$$00000002)
    _printf_percent                          0x080001a5   Thumb Code     0  _printf_percent.o(.ARM.Collect$$_printf_percent$$00000000)
    _printf_d                                0x080001ab   Thumb Code     0  _printf_d.o(.ARM.Collect$$_printf_percent$$00000009)
    _printf_x                                0x080001b1   Thumb Code     0  _printf_x.o(.ARM.Collect$$_printf_percent$$0000000C)
    _printf_s                                0x080001b7   Thumb Code     0  _printf_s.o(.ARM.Collect$$_printf_percent$$00000014)
    _printf_percent_end                      0x080001bd   Thumb Code     0  _printf_percent_end.o(.ARM.Collect$$_printf_percent$$00000017)
    __rt_lib_init                            0x080001c1   Thumb Code     0  libinit.o(.ARM.Collect$$libinit$$00000000)
    __rt_lib_init_alloca_1                   0x080001c3   Thumb Code     0  libinit2.o(.ARM.Collect$$libinit$$0000002E)
    __rt_lib_init_argv_1                     0x080001c3   Thumb Code     0  libinit2.o(.ARM.Collect$$libinit$$0000002C)
    __rt_lib_init_atexit_1                   0x080001c3   Thumb Code     0  libinit2.o(.ARM.Collect$$libinit$$0000001B)
    __rt_lib_init_clock_1                    0x080001c3   Thumb Code     0  libinit2.o(.ARM.Collect$$libinit$$00000021)
    __rt_lib_init_cpp_1                      0x080001c3   Thumb Code     0  libinit2.o(.ARM.Collect$$libinit$$00000032)
    __rt_lib_init_exceptions_1               0x080001c3   Thumb Code     0  libinit2.o(.ARM.Collect$$libinit$$00000030)
    __rt_lib_init_fp_1                       0x080001c3   Thumb Code     0  libinit2.o(.ARM.Collect$$libinit$$00000002)
    __rt_lib_init_fp_trap_1                  0x080001c3   Thumb Code     0  libinit2.o(.ARM.Collect$$libinit$$0000001F)
    __rt_lib_init_getenv_1                   0x080001c3   Thumb Code     0  libinit2.o(.ARM.Collect$$libinit$$00000023)
    __rt_lib_init_heap_1                     0x080001c3   Thumb Code     0  libinit2.o(.ARM.Collect$$libinit$$0000000A)
    __rt_lib_init_lc_collate_1               0x080001c3   Thumb Code     0  libinit2.o(.ARM.Collect$$libinit$$00000011)
    __rt_lib_init_lc_ctype_1                 0x080001c3   Thumb Code     0  libinit2.o(.ARM.Collect$$libinit$$00000013)
    __rt_lib_init_lc_monetary_1              0x080001c3   Thumb Code     0  libinit2.o(.ARM.Collect$$libinit$$00000015)
    __rt_lib_init_lc_numeric_1               0x080001c3   Thumb Code     0  libinit2.o(.ARM.Collect$$libinit$$00000017)
    __rt_lib_init_lc_time_1                  0x080001c3   Thumb Code     0  libinit2.o(.ARM.Collect$$libinit$$00000019)
    __rt_lib_init_preinit_1                  0x080001c3   Thumb Code     0  libinit2.o(.ARM.Collect$$libinit$$00000004)
    __rt_lib_init_rand_1                     0x080001c3   Thumb Code     0  libinit2.o(.ARM.Collect$$libinit$$0000000E)
    __rt_lib_init_return                     0x080001c3   Thumb Code     0  libinit2.o(.ARM.Collect$$libinit$$00000033)
    __rt_lib_init_signal_1                   0x080001c3   Thumb Code     0  libinit2.o(.ARM.Collect$$libinit$$0000001D)
    __rt_lib_init_stdio_1                    0x080001c3   Thumb Code     0  libinit2.o(.ARM.Collect$$libinit$$00000025)
    __rt_lib_init_user_alloc_1               0x080001c3   Thumb Code     0  libinit2.o(.ARM.Collect$$libinit$$0000000C)
    __rt_lib_shutdown                        0x080001c5   Thumb Code     0  libshutdown.o(.ARM.Collect$$libshutdown$$00000000)
    __rt_lib_shutdown_cpp_1                  0x080001c7   Thumb Code     0  libshutdown2.o(.ARM.Collect$$libshutdown$$00000002)
    __rt_lib_shutdown_fp_trap_1              0x080001c7   Thumb Code     0  libshutdown2.o(.ARM.Collect$$libshutdown$$00000007)
    __rt_lib_shutdown_heap_1                 0x080001c7   Thumb Code     0  libshutdown2.o(.ARM.Collect$$libshutdown$$0000000F)
    __rt_lib_shutdown_return                 0x080001c7   Thumb Code     0  libshutdown2.o(.ARM.Collect$$libshutdown$$00000010)
    __rt_lib_shutdown_signal_1               0x080001c7   Thumb Code     0  libshutdown2.o(.ARM.Collect$$libshutdown$$0000000A)
    __rt_lib_shutdown_stdio_1                0x080001c7   Thumb Code     0  libshutdown2.o(.ARM.Collect$$libshutdown$$00000004)
    __rt_lib_shutdown_user_alloc_1           0x080001c7   Thumb Code     0  libshutdown2.o(.ARM.Collect$$libshutdown$$0000000C)
    __rt_entry                               0x080001c9   Thumb Code     0  __rtentry.o(.ARM.Collect$$rtentry$$00000000)
    __rt_entry_presh_1                       0x080001c9   Thumb Code     0  __rtentry2.o(.ARM.Collect$$rtentry$$00000002)
    __rt_entry_sh                            0x080001c9   Thumb Code     0  __rtentry4.o(.ARM.Collect$$rtentry$$00000004)
    __rt_entry_li                            0x080001cf   Thumb Code     0  __rtentry2.o(.ARM.Collect$$rtentry$$0000000A)
    __rt_entry_postsh_1                      0x080001cf   Thumb Code     0  __rtentry2.o(.ARM.Collect$$rtentry$$00000009)
    __rt_entry_main                          0x080001d3   Thumb Code     0  __rtentry2.o(.ARM.Collect$$rtentry$$0000000D)
    __rt_entry_postli_1                      0x080001d3   Thumb Code     0  __rtentry2.o(.ARM.Collect$$rtentry$$0000000C)
    __rt_exit                                0x080001db   Thumb Code     0  rtexit.o(.ARM.Collect$$rtexit$$00000000)
    __rt_exit_ls                             0x080001dd   Thumb Code     0  rtexit2.o(.ARM.Collect$$rtexit$$00000003)
    __rt_exit_prels_1                        0x080001dd   Thumb Code     0  rtexit2.o(.ARM.Collect$$rtexit$$00000002)
    __rt_exit_exit                           0x080001e1   Thumb Code     0  rtexit2.o(.ARM.Collect$$rtexit$$00000004)
    Reset_Handler                            0x080001e9   Thumb Code     8  startup_stm32f10x_hd.o(.text)
    ADC1_2_IRQHandler                        0x08000203   Thumb Code     0  startup_stm32f10x_hd.o(.text)
    ADC3_IRQHandler                          0x08000203   Thumb Code     0  startup_stm32f10x_hd.o(.text)
    CAN1_RX1_IRQHandler                      0x08000203   Thumb Code     0  startup_stm32f10x_hd.o(.text)
    CAN1_SCE_IRQHandler                      0x08000203   Thumb Code     0  startup_stm32f10x_hd.o(.text)
    DMA1_Channel1_IRQHandler                 0x08000203   Thumb Code     0  startup_stm32f10x_hd.o(.text)
    DMA1_Channel2_IRQHandler                 0x08000203   Thumb Code     0  startup_stm32f10x_hd.o(.text)
    DMA1_Channel3_IRQHandler                 0x08000203   Thumb Code     0  startup_stm32f10x_hd.o(.text)
    DMA1_Channel4_IRQHandler                 0x08000203   Thumb Code     0  startup_stm32f10x_hd.o(.text)
    DMA1_Channel5_IRQHandler                 0x08000203   Thumb Code     0  startup_stm32f10x_hd.o(.text)
    DMA1_Channel6_IRQHandler                 0x08000203   Thumb Code     0  startup_stm32f10x_hd.o(.text)
    DMA1_Channel7_IRQHandler                 0x08000203   Thumb Code     0  startup_stm32f10x_hd.o(.text)
    DMA2_Channel1_IRQHandler                 0x08000203   Thumb Code     0  startup_stm32f10x_hd.o(.text)
    DMA2_Channel2_IRQHandler                 0x08000203   Thumb Code     0  startup_stm32f10x_hd.o(.text)
    DMA2_Channel3_IRQHandler                 0x08000203   Thumb Code     0  startup_stm32f10x_hd.o(.text)
    DMA2_Channel4_5_IRQHandler               0x08000203   Thumb Code     0  startup_stm32f10x_hd.o(.text)
    EXTI0_IRQHandler                         0x08000203   Thumb Code     0  startup_stm32f10x_hd.o(.text)
    EXTI15_10_IRQHandler                     0x08000203   Thumb Code     0  startup_stm32f10x_hd.o(.text)
    EXTI1_IRQHandler                         0x08000203   Thumb Code     0  startup_stm32f10x_hd.o(.text)
    EXTI2_IRQHandler                         0x08000203   Thumb Code     0  startup_stm32f10x_hd.o(.text)
    EXTI3_IRQHandler                         0x08000203   Thumb Code     0  startup_stm32f10x_hd.o(.text)
    EXTI4_IRQHandler                         0x08000203   Thumb Code     0  startup_stm32f10x_hd.o(.text)
    EXTI9_5_IRQHandler                       0x08000203   Thumb Code     0  startup_stm32f10x_hd.o(.text)
    FLASH_IRQHandler                         0x08000203   Thumb Code     0  startup_stm32f10x_hd.o(.text)
    FSMC_IRQHandler                          0x08000203   Thumb Code     0  startup_stm32f10x_hd.o(.text)
    I2C1_ER_IRQHandler                       0x08000203   Thumb Code     0  startup_stm32f10x_hd.o(.text)
    I2C1_EV_IRQHandler                       0x08000203   Thumb Code     0  startup_stm32f10x_hd.o(.text)
    I2C2_ER_IRQHandler                       0x08000203   Thumb Code     0  startup_stm32f10x_hd.o(.text)
    I2C2_EV_IRQHandler                       0x08000203   Thumb Code     0  startup_stm32f10x_hd.o(.text)
    PVD_IRQHandler                           0x08000203   Thumb Code     0  startup_stm32f10x_hd.o(.text)
    RCC_IRQHandler                           0x08000203   Thumb Code     0  startup_stm32f10x_hd.o(.text)
    RTCAlarm_IRQHandler                      0x08000203   Thumb Code     0  startup_stm32f10x_hd.o(.text)
    RTC_IRQHandler                           0x08000203   Thumb Code     0  startup_stm32f10x_hd.o(.text)
    SDIO_IRQHandler                          0x08000203   Thumb Code     0  startup_stm32f10x_hd.o(.text)
    SPI1_IRQHandler                          0x08000203   Thumb Code     0  startup_stm32f10x_hd.o(.text)
    SPI2_IRQHandler                          0x08000203   Thumb Code     0  startup_stm32f10x_hd.o(.text)
    SPI3_IRQHandler                          0x08000203   Thumb Code     0  startup_stm32f10x_hd.o(.text)
    TAMPER_IRQHandler                        0x08000203   Thumb Code     0  startup_stm32f10x_hd.o(.text)
    TIM1_BRK_IRQHandler                      0x08000203   Thumb Code     0  startup_stm32f10x_hd.o(.text)
    TIM1_CC_IRQHandler                       0x08000203   Thumb Code     0  startup_stm32f10x_hd.o(.text)
    TIM1_TRG_COM_IRQHandler                  0x08000203   Thumb Code     0  startup_stm32f10x_hd.o(.text)
    TIM1_UP_IRQHandler                       0x08000203   Thumb Code     0  startup_stm32f10x_hd.o(.text)
    TIM2_IRQHandler                          0x08000203   Thumb Code     0  startup_stm32f10x_hd.o(.text)
    TIM3_IRQHandler                          0x08000203   Thumb Code     0  startup_stm32f10x_hd.o(.text)
    TIM4_IRQHandler                          0x08000203   Thumb Code     0  startup_stm32f10x_hd.o(.text)
    TIM5_IRQHandler                          0x08000203   Thumb Code     0  startup_stm32f10x_hd.o(.text)
    TIM6_IRQHandler                          0x08000203   Thumb Code     0  startup_stm32f10x_hd.o(.text)
    TIM7_IRQHandler                          0x08000203   Thumb Code     0  startup_stm32f10x_hd.o(.text)
    TIM8_BRK_IRQHandler                      0x08000203   Thumb Code     0  startup_stm32f10x_hd.o(.text)
    TIM8_CC_IRQHandler                       0x08000203   Thumb Code     0  startup_stm32f10x_hd.o(.text)
    TIM8_TRG_COM_IRQHandler                  0x08000203   Thumb Code     0  startup_stm32f10x_hd.o(.text)
    TIM8_UP_IRQHandler                       0x08000203   Thumb Code     0  startup_stm32f10x_hd.o(.text)
    UART4_IRQHandler                         0x08000203   Thumb Code     0  startup_stm32f10x_hd.o(.text)
    UART5_IRQHandler                         0x08000203   Thumb Code     0  startup_stm32f10x_hd.o(.text)
    USART2_IRQHandler                        0x08000203   Thumb Code     0  startup_stm32f10x_hd.o(.text)
    USART3_IRQHandler                        0x08000203   Thumb Code     0  startup_stm32f10x_hd.o(.text)
    USBWakeUp_IRQHandler                     0x08000203   Thumb Code     0  startup_stm32f10x_hd.o(.text)
    USB_HP_CAN1_TX_IRQHandler                0x08000203   Thumb Code     0  startup_stm32f10x_hd.o(.text)
    USB_LP_CAN1_RX0_IRQHandler               0x08000203   Thumb Code     0  startup_stm32f10x_hd.o(.text)
    WWDG_IRQHandler                          0x08000203   Thumb Code     0  startup_stm32f10x_hd.o(.text)
    __user_initial_stackheap                 0x08000205   Thumb Code     0  startup_stm32f10x_hd.o(.text)
    SystemInit                               0x08000307   Thumb Code    78  system_stm32f10x.o(.text)
    SystemCoreClockUpdate                    0x08000355   Thumb Code   142  system_stm32f10x.o(.text)
    main                                     0x08000481   Thumb Code    80  main.o(.text)
    NMI_Handler                              0x0800054d   Thumb Code     2  stm32f10x_it.o(.text)
    HardFault_Handler                        0x0800054f   Thumb Code     4  stm32f10x_it.o(.text)
    MemManage_Handler                        0x08000553   Thumb Code     4  stm32f10x_it.o(.text)
    BusFault_Handler                         0x08000557   Thumb Code     4  stm32f10x_it.o(.text)
    UsageFault_Handler                       0x0800055b   Thumb Code     4  stm32f10x_it.o(.text)
    SVC_Handler                              0x0800055f   Thumb Code     2  stm32f10x_it.o(.text)
    DebugMon_Handler                         0x08000561   Thumb Code     2  stm32f10x_it.o(.text)
    osPriqueueInit                           0x08000565   Thumb Code    64  los_priqueue.o(.text)
    osPriqueueEnqueue                        0x080005a5   Thumb Code    64  los_priqueue.o(.text)
    osPriqueueDequeue                        0x080005e5   Thumb Code    66  los_priqueue.o(.text)
    osPriqueueTop                            0x08000627   Thumb Code    32  los_priqueue.o(.text)
    osPriqueueSize                           0x08000647   Thumb Code    36  los_priqueue.o(.text)
    osPriqueueTotalSize                      0x0800066b   Thumb Code    28  los_priqueue.o(.text)
    osSwTmrTask                              0x080006a5   Thumb Code    62  los_swtmr.o(.text)
    osSwTmrTaskCreate                        0x080006e3   Thumb Code    50  los_swtmr.o(.text)
    osSwTmrInit                              0x08000715   Thumb Code   130  los_swtmr.o(.text)
    osSwTmrStart                             0x08000797   Thumb Code   506  los_swtmr.o(.text)
    osSwtmrStop                              0x080009b9   Thumb Code   116  los_swtmr.o(.text)
    osSwtmrScan                              0x08000ad1   Thumb Code    32  los_swtmr.o(.text)
    osSwtimerInsert                          0x08000af1   Thumb Code    74  los_swtmr.o(.text)
    osSwTmrAdjust                            0x08000b3b   Thumb Code   124  los_swtmr.o(.text)
    osSwtmrTimeGet                           0x08000bb7   Thumb Code    30  los_swtmr.o(.text)
    LOS_SwtmrCreate                          0x08000bd5   Thumb Code   178  los_swtmr.o(.text)
    LOS_SwtmrStart                           0x08000c87   Thumb Code   304  los_swtmr.o(.text)
    LOS_SwtmrStop                            0x08000db7   Thumb Code   128  los_swtmr.o(.text)
    LOS_SwtmrTimeGet                         0x08000e37   Thumb Code   182  los_swtmr.o(.text)
    LOS_SwtmrDelete                          0x08000eed   Thumb Code   128  los_swtmr.o(.text)
    LOS_TickCountGet                         0x08000f75   Thumb Code     6  los_sys.o(.text)
    LOS_CyclePerTickGet                      0x08000f7b   Thumb Code    14  los_sys.o(.text)
    LOS_MS2Tick                              0x08000f89   Thumb Code    40  los_sys.o(.text)
    LOS_Tick2MS                              0x08000fb1   Thumb Code    28  los_sys.o(.text)
    osCpuTick2MS                             0x08000fcd   Thumb Code   120  los_sys.o(.text)
    osCpuTick2US                             0x08001045   Thumb Code   120  los_sys.o(.text)
    osIdleTask                               0x080010f3   Thumb Code     4  los_task.o(.text)
    osTaskPriModify                          0x080010f7   Thumb Code    56  los_task.o(.text)
    osTaskAdd2TimerList                      0x0800112f   Thumb Code   188  los_task.o(.text)
    osTimerListDelete                        0x080011eb   Thumb Code    66  los_task.o(.text)
    osTaskScan                               0x0800122d   Thumb Code   214  los_task.o(.text)
    osConvertTskStatus                       0x08001303   Thumb Code    86  los_task.o(.text)
    osGetTaskWaterLine                       0x08001359   Thumb Code   166  los_task.o(.text)
    osGetAllTskInfo                          0x080013ff   Thumb Code   234  los_task.o(.text)
    osTaskInit                               0x080014e9   Thumb Code   456  los_task.o(.text)
    LOS_TaskCreateOnly                       0x080016b1   Thumb Code   354  los_task.o(.text)
    LOS_TaskCreate                           0x08001813   Thumb Code   140  los_task.o(.text)
    osIdleTaskCreate                         0x0800189f   Thumb Code    54  los_task.o(.text)
    LOS_CurTaskIDGet                         0x080018d5   Thumb Code    18  los_task.o(.text)
    LOS_NextTaskIDGet                        0x080018e7   Thumb Code    18  los_task.o(.text)
    LOS_CurTaskNameGet                       0x080018f9   Thumb Code    16  los_task.o(.text)
    osTaskSwitchCheck                        0x08001909   Thumb Code   454  los_task.o(.text)
    osTaskMonInit                            0x08001acf   Thumb Code    34  los_task.o(.text)
    LOS_TaskDelete                           0x08001af1   Thumb Code   334  los_task.o(.text)
    osTaskEntry                              0x08001c3f   Thumb Code    40  los_task.o(.text)
    LOS_TaskResume                           0x08001c67   Thumb Code   160  los_task.o(.text)
    LOS_TaskSuspend                          0x08001d07   Thumb Code   196  los_task.o(.text)
    LOS_TaskYield                            0x08001dcb   Thumb Code   136  los_task.o(.text)
    LOS_TaskDelay                            0x08001e53   Thumb Code   170  los_task.o(.text)
    LOS_TaskPriGet                           0x08001efd   Thumb Code    76  los_task.o(.text)
    LOS_TaskPriSet                           0x08001f49   Thumb Code   166  los_task.o(.text)
    LOS_CurTaskPriSet                        0x08001fef   Thumb Code    22  los_task.o(.text)
    osTaskWait                               0x08002005   Thumb Code    72  los_task.o(.text)
    osTaskWake                               0x0800204d   Thumb Code    70  los_task.o(.text)
    LOS_TaskLock                             0x08002093   Thumb Code    26  los_task.o(.text)
    LOS_TaskUnlock                           0x080020ad   Thumb Code    54  los_task.o(.text)
    LOS_TaskInfoGet                          0x080020e3   Thumb Code   250  los_task.o(.text)
    LOS_TaskStatusGet                        0x080021dd   Thumb Code    88  los_task.o(.text)
    LOS_TaskSwitchInfoGet                    0x08002235   Thumb Code    60  los_task.o(.text)
    LOS_TaskInfoMonitor                      0x08002271   Thumb Code    12  los_task.o(.text)
    LOS_TaskIsRunning                        0x0800227d   Thumb Code     6  los_task.o(.text)
    LOS_NewTaskIDGet                         0x08002283   Thumb Code    20  los_task.o(.text)
    LOS_TaskNameGet                          0x08002297   Thumb Code    66  los_task.o(.text)
    osTickHandler                            0x08002325   Thumb Code    34  los_tick.o(.text)
    LOS_SysClockGet                          0x08002347   Thumb Code     6  los_tick.o(.text)
    osTimesliceInit                          0x08002355   Thumb Code    12  los_timeslice.o(.text)
    osTimesliceCheck                         0x08002361   Thumb Code    64  los_timeslice.o(.text)
    osMuxInit                                0x080023bb   Thumb Code    82  los_mux.o(.text)
    LOS_MuxCreate                            0x0800240d   Thumb Code   134  los_mux.o(.text)
    LOS_MuxDelete                            0x08002493   Thumb Code   136  los_mux.o(.text)
    LOS_MuxPend                              0x0800251b   Thumb Code   320  los_mux.o(.text)
    LOS_MuxPost                              0x0800265b   Thumb Code   210  los_mux.o(.text)
    osQueueInit                              0x080027af   Thumb Code    96  los_queue.o(.text)
    LOS_QueueCreate                          0x0800280f   Thumb Code   212  los_queue.o(.text)
    osQueueOperate                           0x08002a3f   Thumb Code   440  los_queue.o(.text)
    LOS_QueueReadCopy                        0x08002bf7   Thumb Code    54  los_queue.o(.text)
    LOS_QueueWriteHeadCopy                   0x08002c2d   Thumb Code    54  los_queue.o(.text)
    LOS_QueueWriteCopy                       0x08002c63   Thumb Code    54  los_queue.o(.text)
    LOS_QueueRead                            0x08002c99   Thumb Code    54  los_queue.o(.text)
    LOS_QueueWrite                           0x08002ccf   Thumb Code    52  los_queue.o(.text)
    LOS_QueueWriteHead                       0x08002d03   Thumb Code    34  los_queue.o(.text)
    osQueueMailAlloc                         0x08002d25   Thumb Code   166  los_queue.o(.text)
    osQueueMailFree                          0x08002dcb   Thumb Code   158  los_queue.o(.text)
    LOS_QueueDelete                          0x08002e69   Thumb Code   168  los_queue.o(.text)
    LOS_QueueInfoGet                         0x08002f11   Thumb Code   228  los_queue.o(.text)
    osSemInit                                0x0800302f   Thumb Code    80  los_sem.o(.text)
    osSemCreate                              0x0800307f   Thumb Code   158  los_sem.o(.text)
    LOS_SemCreate                            0x0800311d   Thumb Code    20  los_sem.o(.text)
    LOS_BinarySemCreate                      0x08003131   Thumb Code    18  los_sem.o(.text)
    LOS_SemDelete                            0x08003143   Thumb Code   128  los_sem.o(.text)
    LOS_SemPend                              0x080031c3   Thumb Code   268  los_sem.o(.text)
    LOS_SemPost                              0x080032cf   Thumb Code   160  los_sem.o(.text)
    osHeapPrvGetNext                         0x08003405   Thumb Code    26  los_heap.o(.text)
    osHeapInit                               0x0800341f   Thumb Code    68  los_heap.o(.text)
    osHeapStatisticsGet                      0x08003463   Thumb Code    90  los_heap.o(.text)
    osAlarmHeapInfo                          0x080034bd   Thumb Code    36  los_heap.o(.text)
    osHeapAlloc                              0x080034e1   Thumb Code   292  los_heap.o(.text)
    osHeapAllocAlign                         0x08003605   Thumb Code    90  los_heap.o(.text)
    osHeapFree                               0x0800365f   Thumb Code   284  los_heap.o(.text)
    osHeapGetHeapMemoryPeak                  0x0800377b   Thumb Code     6  los_heap.o(.text)
    osHeapGetMaxFreeBlkSize                  0x08003781   Thumb Code    52  los_heap.o(.text)
    osAtomicBitsetInit                       0x08003811   Thumb Code    46  los_slab.o(.text)
    osAtomicBitsetGetBit                     0x0800383f   Thumb Code    42  los_slab.o(.text)
    osAtomicBitsetClearBit                   0x08003869   Thumb Code    36  los_slab.o(.text)
    osAtomicBitsetFindClearAndSet            0x0800388d   Thumb Code    80  los_slab.o(.text)
    osAtomicBitsetIdxChgToNatural            0x080038dd   Thumb Code    42  los_slab.o(.text)
    osAtomicBitsetEmpty                      0x08003907   Thumb Code    70  los_slab.o(.text)
    osSlabAllocatorNew                       0x0800394d   Thumb Code    92  los_slab.o(.text)
    osSlabAllocatorDestroy                   0x080039a9   Thumb Code    16  los_slab.o(.text)
    osSlabAllocatorAlloc                     0x080039b9   Thumb Code    30  los_slab.o(.text)
    osSlabAllocatorFree                      0x080039d7   Thumb Code    72  los_slab.o(.text)
    osSlabAllocatorGetNth                    0x08003a1f   Thumb Code    30  los_slab.o(.text)
    osSlabAllocatorGetIdxP                   0x08003a3d   Thumb Code    12  los_slab.o(.text)
    osSlabAllocatorGetIndex                  0x08003a49   Thumb Code    66  los_slab.o(.text)
    osSlabAllocatorGetNumItems               0x08003a8b   Thumb Code    12  los_slab.o(.text)
    osSlabAllocatorEmpty                     0x08003a97   Thumb Code    12  los_slab.o(.text)
    osSlabAllocatorGetUsedItemCnt            0x08003aa3   Thumb Code    36  los_slab.o(.text)
    osSlabAllocatorGetSlabInfo               0x08003ac7   Thumb Code    36  los_slab.o(.text)
    osSlabAllocatorCheck                     0x08003aeb   Thumb Code    64  los_slab.o(.text)
    osSlabBlockHeadFill                      0x08003b2b   Thumb Code    18  los_slabmem.o(.text)
    osSlabMemInit                            0x08003b3d   Thumb Code   108  los_slabmem.o(.text)
    osSlabMemAlloc                           0x08003ba9   Thumb Code   160  los_slabmem.o(.text)
    osSlabMemFree                            0x08003c49   Thumb Code   116  los_slabmem.o(.text)
    osSlabMemDeinit                          0x08003cbd   Thumb Code    92  los_slabmem.o(.text)
    osSlabMemCheck                           0x08003d19   Thumb Code   100  los_slabmem.o(.text)
    osSlabStatisticsGet                      0x08003d7d   Thumb Code   152  los_slabmem.o(.text)
    osSlabGetMaxFreeBlkSize                  0x08003e15   Thumb Code    68  los_slabmem.o(.text)
    LOS_MemboxInit                           0x08003e59   Thumb Code   134  los_membox.o(.text)
    LOS_MemboxAlloc                          0x08003edf   Thumb Code    66  los_membox.o(.text)
    LOS_MemboxFree                           0x08003f21   Thumb Code   164  los_membox.o(.text)
    LOS_MemboxClr                            0x08003fc5   Thumb Code    28  los_membox.o(.text)
    LOS_MemboxStatisticsGet                  0x08003fe1   Thumb Code    32  los_membox.o(.text)
    LOS_Align                                0x08004005   Thumb Code    28  los_misc.o(.text)
    LOS_Msleep                               0x08004021   Thumb Code    42  los_misc.o(.text)
    LOS_ErrHandle                            0x0800404d   Thumb Code    58  los_err.o(.text)
    osEnableFPU                              0x08004091   Thumb Code    14  los_init.o(.text)
    LOS_Reboot                               0x0800409f   Thumb Code     8  los_init.o(.text)
    LOS_Start                                0x080040af   Thumb Code    38  los_init.o(.text)
    LOS_KernelInit                           0x080040d5   Thumb Code   174  los_init.o(.text)
    osSlabCtrlHdrGet                         0x08004209   Thumb Code     8  los_memory.o(.text)
    LOS_MemInit                              0x08004211   Thumb Code   206  los_memory.o(.text)
    osMemSystemInit                          0x080042df   Thumb Code    20  los_memory.o(.text)
    LOS_MemDeInit                            0x080042f3   Thumb Code    96  los_memory.o(.text)
    LOS_MemPoolList                          0x08004353   Thumb Code    28  los_memory.o(.text)
    LOS_MemAlloc                             0x0800436f   Thumb Code    42  los_memory.o(.text)
    LOS_MemAllocAlign                        0x08004399   Thumb Code    20  los_memory.o(.text)
    LOS_MemFree                              0x080043ad   Thumb Code    52  los_memory.o(.text)
    LOS_MemRealloc                           0x080043e1   Thumb Code   174  los_memory.o(.text)
    LOS_MemStatisticsGet                     0x0800448f   Thumb Code   102  los_memory.o(.text)
    LOS_MemGetMaxFreeBlkSize                 0x080044f5   Thumb Code    34  los_memory.o(.text)
    LOS_StartToRun                           0x0800455d   Thumb Code     0  los_dispatch_keil.o(.text)
    LOS_IntLock                              0x080045a5   Thumb Code     0  los_dispatch_keil.o(.text)
    LOS_IntUnLock                            0x080045ad   Thumb Code     0  los_dispatch_keil.o(.text)
    LOS_IntRestore                           0x080045b5   Thumb Code     0  los_dispatch_keil.o(.text)
    osTaskSchedule                           0x080045bb   Thumb Code     0  los_dispatch_keil.o(.text)
    PendSV_Handler                           0x080045c5   Thumb Code     0  los_dispatch_keil.o(.text)
    osSchedule                               0x08004629   Thumb Code     8  los_hw.o(.text)
    LOS_Schedule                             0x08004631   Thumb Code    56  los_hw.o(.text)
    osTaskExit                               0x08004669   Thumb Code     6  los_hw.o(.text)
    osTskStackInit                           0x0800466f   Thumb Code   132  los_hw.o(.text)
    osEnterSleep                             0x080046f3   Thumb Code    36  los_hw.o(.text)
    osTickStart                              0x08004725   Thumb Code   150  los_hw_tick.o(.text)
    LOS_SysTickCurrCycleGet                  0x080047bb   Thumb Code    48  los_hw_tick.o(.text)
    LOS_GetCpuCycle                          0x080047eb   Thumb Code   102  los_hw_tick.o(.text)
    LOS_GetSystickCycle                      0x08004851   Thumb Code    96  los_hw_tick.o(.text)
    osIntNumGet                              0x080048cd   Thumb Code     8  los_hwi.o(.text)
    SysTick_Handler                          0x080048d5   Thumb Code    34  los_hwi.o(.text)
    USART_DeInit                             0x08004901   Thumb Code   134  stm32f10x_usart.o(.text)
    USART_Init                               0x08004987   Thumb Code   210  stm32f10x_usart.o(.text)
    USART_StructInit                         0x08004a59   Thumb Code    24  stm32f10x_usart.o(.text)
    USART_ClockInit                          0x08004a71   Thumb Code    34  stm32f10x_usart.o(.text)
    USART_ClockStructInit                    0x08004a93   Thumb Code    12  stm32f10x_usart.o(.text)
    USART_Cmd                                0x08004a9f   Thumb Code    24  stm32f10x_usart.o(.text)
    USART_ITConfig                           0x08004ab7   Thumb Code    74  stm32f10x_usart.o(.text)
    USART_DMACmd                             0x08004b01   Thumb Code    18  stm32f10x_usart.o(.text)
    USART_SetAddress                         0x08004b13   Thumb Code    18  stm32f10x_usart.o(.text)
    USART_WakeUpConfig                       0x08004b25   Thumb Code    18  stm32f10x_usart.o(.text)
    USART_ReceiverWakeUpCmd                  0x08004b37   Thumb Code    24  stm32f10x_usart.o(.text)
    USART_LINBreakDetectLengthConfig         0x08004b4f   Thumb Code    18  stm32f10x_usart.o(.text)
    USART_LINCmd                             0x08004b61   Thumb Code    24  stm32f10x_usart.o(.text)
    USART_SendData                           0x08004b79   Thumb Code     8  stm32f10x_usart.o(.text)
    USART_ReceiveData                        0x08004b81   Thumb Code    10  stm32f10x_usart.o(.text)
    USART_SendBreak                          0x08004b8b   Thumb Code    10  stm32f10x_usart.o(.text)
    USART_SetGuardTime                       0x08004b95   Thumb Code    16  stm32f10x_usart.o(.text)
    USART_SetPrescaler                       0x08004ba5   Thumb Code    16  stm32f10x_usart.o(.text)
    USART_SmartCardCmd                       0x08004bb5   Thumb Code    24  stm32f10x_usart.o(.text)
    USART_SmartCardNACKCmd                   0x08004bcd   Thumb Code    24  stm32f10x_usart.o(.text)
    USART_HalfDuplexCmd                      0x08004be5   Thumb Code    24  stm32f10x_usart.o(.text)
    USART_OverSampling8Cmd                   0x08004bfd   Thumb Code    22  stm32f10x_usart.o(.text)
    USART_OneBitMethodCmd                    0x08004c13   Thumb Code    24  stm32f10x_usart.o(.text)
    USART_IrDAConfig                         0x08004c2b   Thumb Code    18  stm32f10x_usart.o(.text)
    USART_IrDACmd                            0x08004c3d   Thumb Code    24  stm32f10x_usart.o(.text)
    USART_GetFlagStatus                      0x08004c55   Thumb Code    26  stm32f10x_usart.o(.text)
    USART_ClearFlag                          0x08004c6f   Thumb Code    18  stm32f10x_usart.o(.text)
    USART_GetITStatus                        0x08004c81   Thumb Code    84  stm32f10x_usart.o(.text)
    USART_ClearITPendingBit                  0x08004cd5   Thumb Code    52  stm32f10x_usart.o(.text)
    RCC_DeInit                               0x08004d09   Thumb Code    64  stm32f10x_rcc.o(.text)
    RCC_HSEConfig                            0x08004d49   Thumb Code    70  stm32f10x_rcc.o(.text)
    RCC_GetFlagStatus                        0x08004d8f   Thumb Code    56  stm32f10x_rcc.o(.text)
    RCC_WaitForHSEStartUp                    0x08004dc7   Thumb Code    56  stm32f10x_rcc.o(.text)
    RCC_AdjustHSICalibrationValue            0x08004dff   Thumb Code    20  stm32f10x_rcc.o(.text)
    RCC_HSICmd                               0x08004e13   Thumb Code     6  stm32f10x_rcc.o(.text)
    RCC_PLLConfig                            0x08004e19   Thumb Code    24  stm32f10x_rcc.o(.text)
    RCC_PLLCmd                               0x08004e31   Thumb Code     6  stm32f10x_rcc.o(.text)
    RCC_SYSCLKConfig                         0x08004e37   Thumb Code    18  stm32f10x_rcc.o(.text)
    RCC_GetSYSCLKSource                      0x08004e49   Thumb Code    10  stm32f10x_rcc.o(.text)
    RCC_HCLKConfig                           0x08004e53   Thumb Code    18  stm32f10x_rcc.o(.text)
    RCC_PCLK1Config                          0x08004e65   Thumb Code    18  stm32f10x_rcc.o(.text)
    RCC_PCLK2Config                          0x08004e77   Thumb Code    20  stm32f10x_rcc.o(.text)
    RCC_ITConfig                             0x08004e8b   Thumb Code    26  stm32f10x_rcc.o(.text)
    RCC_USBCLKConfig                         0x08004ea5   Thumb Code     8  stm32f10x_rcc.o(.text)
    RCC_ADCCLKConfig                         0x08004ead   Thumb Code    18  stm32f10x_rcc.o(.text)
    RCC_LSEConfig                            0x08004ebf   Thumb Code    50  stm32f10x_rcc.o(.text)
    RCC_LSICmd                               0x08004ef1   Thumb Code     6  stm32f10x_rcc.o(.text)
    RCC_RTCCLKConfig                         0x08004ef7   Thumb Code    12  stm32f10x_rcc.o(.text)
    RCC_RTCCLKCmd                            0x08004f03   Thumb Code     8  stm32f10x_rcc.o(.text)
    RCC_GetClocksFreq                        0x08004f0b   Thumb Code   192  stm32f10x_rcc.o(.text)
    RCC_AHBPeriphClockCmd                    0x08004fcb   Thumb Code    26  stm32f10x_rcc.o(.text)
    RCC_APB2PeriphClockCmd                   0x08004fe5   Thumb Code    26  stm32f10x_rcc.o(.text)
    RCC_APB1PeriphClockCmd                   0x08004fff   Thumb Code    26  stm32f10x_rcc.o(.text)
    RCC_APB2PeriphResetCmd                   0x08005019   Thumb Code    26  stm32f10x_rcc.o(.text)
    RCC_APB1PeriphResetCmd                   0x08005033   Thumb Code    26  stm32f10x_rcc.o(.text)
    RCC_BackupResetCmd                       0x0800504d   Thumb Code     8  stm32f10x_rcc.o(.text)
    RCC_ClockSecuritySystemCmd               0x08005055   Thumb Code     6  stm32f10x_rcc.o(.text)
    RCC_MCOConfig                            0x0800505b   Thumb Code     6  stm32f10x_rcc.o(.text)
    RCC_ClearFlag                            0x08005061   Thumb Code    14  stm32f10x_rcc.o(.text)
    RCC_GetITStatus                          0x0800506f   Thumb Code    20  stm32f10x_rcc.o(.text)
    RCC_ClearITPendingBit                    0x08005083   Thumb Code     6  stm32f10x_rcc.o(.text)
    GPIO_DeInit                              0x080050ad   Thumb Code   172  stm32f10x_gpio.o(.text)
    GPIO_AFIODeInit                          0x08005159   Thumb Code    20  stm32f10x_gpio.o(.text)
    GPIO_Init                                0x0800516d   Thumb Code   278  stm32f10x_gpio.o(.text)
    GPIO_StructInit                          0x08005283   Thumb Code    16  stm32f10x_gpio.o(.text)
    GPIO_ReadInputDataBit                    0x08005293   Thumb Code    18  stm32f10x_gpio.o(.text)
    GPIO_ReadInputData                       0x080052a5   Thumb Code     8  stm32f10x_gpio.o(.text)
    GPIO_ReadOutputDataBit                   0x080052ad   Thumb Code    18  stm32f10x_gpio.o(.text)
    GPIO_ReadOutputData                      0x080052bf   Thumb Code     8  stm32f10x_gpio.o(.text)
    GPIO_SetBits                             0x080052c7   Thumb Code     4  stm32f10x_gpio.o(.text)
    GPIO_ResetBits                           0x080052cb   Thumb Code     4  stm32f10x_gpio.o(.text)
    GPIO_WriteBit                            0x080052cf   Thumb Code    10  stm32f10x_gpio.o(.text)
    GPIO_Write                               0x080052d9   Thumb Code     4  stm32f10x_gpio.o(.text)
    GPIO_PinLockConfig                       0x080052dd   Thumb Code    18  stm32f10x_gpio.o(.text)
    GPIO_EventOutputConfig                   0x080052ef   Thumb Code    26  stm32f10x_gpio.o(.text)
    GPIO_EventOutputCmd                      0x08005309   Thumb Code     6  stm32f10x_gpio.o(.text)
    GPIO_PinRemapConfig                      0x0800530f   Thumb Code   138  stm32f10x_gpio.o(.text)
    GPIO_EXTILineConfig                      0x08005399   Thumb Code    66  stm32f10x_gpio.o(.text)
    GPIO_ETH_MediaInterfaceConfig            0x080053db   Thumb Code     8  stm32f10x_gpio.o(.text)
    NVIC_PriorityGroupConfig                 0x08005409   Thumb Code    10  misc.o(.text)
    NVIC_Init                                0x08005413   Thumb Code   100  misc.o(.text)
    NVIC_SetVectorTable                      0x08005477   Thumb Code    14  misc.o(.text)
    NVIC_SystemLPConfig                      0x08005485   Thumb Code    34  misc.o(.text)
    SysTick_CLKSourceConfig                  0x080054a7   Thumb Code    40  misc.o(.text)
    LED_Init                                 0x080054e5   Thumb Code    68  led.o(.text)
    delay_osschedlock                        0x08005531   Thumb Code     8  delay.o(.text)
    delay_osschedunlock                      0x08005539   Thumb Code     8  delay.o(.text)
    delay_ostimedly                          0x08005541   Thumb Code    12  delay.o(.text)
    delay_init                               0x0800554d   Thumb Code    66  delay.o(.text)
    delay_us                                 0x0800558f   Thumb Code    86  delay.o(.text)
    delay_ms                                 0x080055e5   Thumb Code    60  delay.o(.text)
    _sys_exit                                0x08005635   Thumb Code     4  usart.o(.text)
    fputc                                    0x08005639   Thumb Code    24  usart.o(.text)
    uart_init                                0x08005651   Thumb Code   152  usart.o(.text)
    USART1_IRQHandler                        0x080056e9   Thumb Code   130  usart.o(.text)
    __use_no_semihosting                     0x0800577d   Thumb Code     2  use_no_semi_2.o(.text)
    __aeabi_uldivmod                         0x0800577f   Thumb Code     0  lludivv7m.o(.text)
    _ll_udiv                                 0x0800577f   Thumb Code   238  lludivv7m.o(.text)
    __2printf                                0x0800586d   Thumb Code    20  noretval__2printf.o(.text)
    _printf_pre_padding                      0x08005885   Thumb Code    44  _printf_pad.o(.text)
    _printf_post_padding                     0x080058b1   Thumb Code    34  _printf_pad.o(.text)
    _printf_str                              0x080058d3   Thumb Code    82  _printf_str.o(.text)
    _printf_int_dec                          0x08005925   Thumb Code   104  _printf_dec.o(.text)
    _printf_longlong_hex                     0x0800599d   Thumb Code    78  _printf_hex_int_ptr.o(.text)
    _printf_int_hex                          0x080059eb   Thumb Code    26  _printf_hex_int_ptr.o(.text)
    _printf_hex_ptr                          0x08005a05   Thumb Code    16  _printf_hex_int_ptr.o(.text)
    __printf                                 0x08005a19   Thumb Code   308  __printf_flags_wp.o(.text)
    __aeabi_memcpy                           0x08005b51   Thumb Code     0  rt_memcpy_v6.o(.text)
    __rt_memcpy                              0x08005b51   Thumb Code   138  rt_memcpy_v6.o(.text)
    _memcpy_lastbytes                        0x08005bb7   Thumb Code     0  rt_memcpy_v6.o(.text)
    __aeabi_memset                           0x08005bdb   Thumb Code    16  aeabi_memset.o(.text)
    __aeabi_memclr                           0x08005beb   Thumb Code     0  rt_memclr.o(.text)
    __rt_memclr                              0x08005beb   Thumb Code    68  rt_memclr.o(.text)
    _memset                                  0x08005bef   Thumb Code     0  rt_memclr.o(.text)
    __aeabi_memclr4                          0x08005c2f   Thumb Code     0  rt_memclr_w.o(.text)
    __aeabi_memclr8                          0x08005c2f   Thumb Code     0  rt_memclr_w.o(.text)
    __rt_memclr_w                            0x08005c2f   Thumb Code    78  rt_memclr_w.o(.text)
    _memset_w                                0x08005c33   Thumb Code     0  rt_memclr_w.o(.text)
    strncpy                                  0x08005c7d   Thumb Code    86  strncpy.o(.text)
    __use_two_region_memory                  0x08005cd3   Thumb Code     2  heapauxi.o(.text)
    __rt_heap_escrow$2region                 0x08005cd5   Thumb Code     2  heapauxi.o(.text)
    __rt_heap_expand$2region                 0x08005cd7   Thumb Code     2  heapauxi.o(.text)
    __I$use$semihosting                      0x08005cd9   Thumb Code     0  use_no_semi.o(.text)
    __use_no_semihosting_swi                 0x08005cd9   Thumb Code     2  use_no_semi.o(.text)
    _printf_int_common                       0x08005cdb   Thumb Code   178  _printf_intcommon.o(.text)
    _printf_cs_common                        0x08005d8d   Thumb Code    20  _printf_char.o(.text)
    _printf_char                             0x08005da1   Thumb Code    16  _printf_char.o(.text)
    _printf_string                           0x08005db1   Thumb Code     8  _printf_char.o(.text)
    _printf_char_file                        0x08005db9   Thumb Code    32  _printf_char_file.o(.text)
    __aeabi_memcpy4                          0x08005ddd   Thumb Code     0  rt_memcpy_w.o(.text)
    __aeabi_memcpy8                          0x08005ddd   Thumb Code     0  rt_memcpy_w.o(.text)
    __rt_memcpy_w                            0x08005ddd   Thumb Code   100  rt_memcpy_w.o(.text)
    _memcpy_lastbytes_aligned                0x08005e25   Thumb Code     0  rt_memcpy_w.o(.text)
    _printf_char_common                      0x08005e4b   Thumb Code    32  _printf_char_common.o(.text)
    ferror                                   0x08005e71   Thumb Code     8  ferror.o(.text)
    __user_setup_stackheap                   0x08005e79   Thumb Code    74  sys_stackheap_outer.o(.text)
    exit                                     0x08005ec3   Thumb Code    18  exit.o(.text)
    __user_libspace                          0x08005ed5   Thumb Code     8  libspace.o(.text)
    __user_perproc_libspace                  0x08005ed5   Thumb Code     0  libspace.o(.text)
    __user_perthread_libspace                0x08005ed5   Thumb Code     0  libspace.o(.text)
    _is_digit                                0x08005edd   Thumb Code    14  __printf_wp.o(i._is_digit)
    osAtomicBitsetGetNumBits                 0x08005eeb   Thumb Code     6  los_slab.o(i.osAtomicBitsetGetNumBits)
    __aeabi_ddiv                             0x08005ef1   Thumb Code     0  ddiv.o(x$fpl$ddiv)
    _ddiv                                    0x08005ef1   Thumb Code   552  ddiv.o(x$fpl$ddiv)
    __aeabi_ui2d                             0x080061a1   Thumb Code     0  dflt_clz.o(x$fpl$dfltu)
    _dfltu                                   0x080061a1   Thumb Code    38  dflt_clz.o(x$fpl$dfltu)
    __aeabi_ul2d                             0x080061c9   Thumb Code     0  dfltll_clz.o(x$fpl$dfltull)
    _ll_uto_d                                0x080061c9   Thumb Code   138  dfltll_clz.o(x$fpl$dfltull)
    __fpl_dnaninf                            0x08006253   Thumb Code   156  dnaninf.o(x$fpl$dnaninf)
    __fpl_dretinf                            0x080062ef   Thumb Code    12  dretinf.o(x$fpl$dretinf)
    __aeabi_d2ulz                            0x080062fd   Thumb Code     0  dfixull.o(x$fpl$llufromd)
    _ll_ufrom_d                              0x080062fd   Thumb Code   120  dfixull.o(x$fpl$llufromd)
    __I$use$fp                               0x08006374   Number         0  usenofp.o(x$fpl$usenofp)
    Region$$Table$$Base                      0x08006500   Number         0  anon$$obj.o(Region$$Table)
    Region$$Table$$Limit                     0x08006520   Number         0  anon$$obj.o(Region$$Table)
    SystemCoreClock                          0x20000000   Data           4  system_stm32f10x.o(.data)
    AHBPrescTable                            0x20000004   Data          16  system_stm32f10x.o(.data)
    Task1_Handle                             0x20000014   Data           4  main.o(.data)
    g_pstLosPriorityQueueList                0x20000018   Data           4  los_priqueue.o(.data)
    m_uwSwTmrHandlerQueue                    0x20000020   Data           4  los_swtmr.o(.data)
    m_pstSwtmrCBArray                        0x20000024   Data           4  los_swtmr.o(.data)
    m_pstSwtmrFreeList                       0x20000028   Data           4  los_swtmr.o(.data)
    m_pstSwtmrSortList                       0x2000002c   Data           4  los_swtmr.o(.data)
    g_pstTaskCBArray                         0x2000003c   Data           4  los_task.o(.data)
    g_stLosTask                              0x20000040   Data           8  los_task.o(.data)
    g_usLosTaskLock                          0x20000048   Data           2  los_task.o(.data)
    g_uwTskMaxNum                            0x2000004c   Data           4  los_task.o(.data)
    g_uwIdleTaskID                           0x20000050   Data           4  los_task.o(.data)
    g_uwSwtmrTaskID                          0x20000054   Data           4  los_task.o(.data)
    g_stTaskTimerList                        0x20000058   Data           8  los_task.o(.data)
    g_stLosFreeTask                          0x20000060   Data           8  los_task.o(.data)
    g_stTskRecyleList                        0x20000068   Data           8  los_task.o(.data)
    g_stTskSortLink                          0x20000070   Data           8  los_task.o(.data)
    g_bTaskScheduled                         0x20000078   Data           4  los_task.o(.data)
    g_pfnTskSwitchHook                       0x2000007c   Data           4  los_task.o(.data)
    g_pfnUsrTskSwitchHook                    0x20000080   Data           4  los_task.o(.data)
    g_ullTickCount                           0x20000088   Data           8  los_tick.o(.data)
    g_uwTicksPerSec                          0x20000090   Data           4  los_tick.o(.data)
    g_uwCyclePerSec                          0x20000094   Data           4  los_tick.o(.data)
    g_uwCyclesPerTick                        0x20000098   Data           4  los_tick.o(.data)
    g_uwSysClock                             0x2000009c   Data           4  los_tick.o(.data)
    g_bSysTickStart                          0x200000a0   Data           4  los_tick.o(.data)
    g_stTaskTimeSlice                        0x200000a4   Data           8  los_timeslice.o(.data)
    g_pstAllMux                              0x200000ac   Data           4  los_mux.o(.data)
    g_stUnusedMuxList                        0x200000b0   Data           8  los_mux.o(.data)
    g_pstAllQueue                            0x200000b8   Data           4  los_queue.o(.data)
    g_stFreeQueueList                        0x200000bc   Data           8  los_queue.o(.data)
    g_stUnusedSemList                        0x200000c4   Data           8  los_sem.o(.data)
    g_pstAllSem                              0x200000cc   Data           4  los_sem.o(.data)
    g_stUserErrFunc                          0x200000e0   Data           4  los_err.o(.data)
    m_aucSysMem0                             0x200000e4   Data           4  los_init.o(.data)
    g_pPoolHead                              0x200000e8   Data           4  los_memory.o(.data)
    __stdout                                 0x20000104   Data           4  usart.o(.data)
    USART_RX_STA                             0x20000108   Data           2  usart.o(.data)
    m_uwSwTmrAlignID                         0x2000010c   Data          64  los_swtmr.o(.bss)
    g_astTskSwitchInfo                       0x2000014c   Data         342  los_task.o(.bss)
    USART_RX_BUF                             0x200002a2   Data         200  usart.o(.bss)
    __libspace_start                         0x2000036c   Data          96  libspace.o(.bss)
    __temporary_stack_top$libspace           0x200003cc   Data           0  libspace.o(.bss)
    Image$$RW_IRAM1$$ZI$$Limit               0x200009d0   Number         0  anon$$obj.o ABSOLUTE



==============================================================================

Memory Map of the image

  Image Entry point : 0x08000131

  Load Region LR_IROM1 (Base: 0x08000000, Size: 0x0000662c, Max: 0x00080000, ABSOLUTE)

    Execution Region ER_IROM1 (Exec base: 0x08000000, Load base: 0x08000000, Size: 0x00006520, Max: 0x00080000, ABSOLUTE)

    Exec Addr    Load Addr    Size         Type   Attr      Idx    E Section Name        Object

    0x08000000   0x08000000   0x00000130   Data   RO            3    RESET               startup_stm32f10x_hd.o
    0x08000130   0x08000130   0x00000008   Code   RO         2009  * !!!main             c_w.l(__main.o)
    0x08000138   0x08000138   0x00000034   Code   RO         2214    !!!scatter          c_w.l(__scatter.o)
    0x0800016c   0x0800016c   0x0000001a   Code   RO         2216    !!handler_copy      c_w.l(__scatter_copy.o)
    0x08000186   0x08000186   0x00000002   PAD
    0x08000188   0x08000188   0x0000001c   Code   RO         2218    !!handler_zi        c_w.l(__scatter_zi.o)
    0x080001a4   0x080001a4   0x00000000   Code   RO         1996    .ARM.Collect$$_printf_percent$$00000000  c_w.l(_printf_percent.o)
    0x080001a4   0x080001a4   0x00000006   Code   RO         1994    .ARM.Collect$$_printf_percent$$00000002  c_w.l(_printf_p.o)
    0x080001aa   0x080001aa   0x00000006   Code   RO         1995    .ARM.Collect$$_printf_percent$$00000009  c_w.l(_printf_d.o)
    0x080001b0   0x080001b0   0x00000006   Code   RO         1993    .ARM.Collect$$_printf_percent$$0000000C  c_w.l(_printf_x.o)
    0x080001b6   0x080001b6   0x00000006   Code   RO         1992    .ARM.Collect$$_printf_percent$$00000014  c_w.l(_printf_s.o)
    0x080001bc   0x080001bc   0x00000004   Code   RO         2042    .ARM.Collect$$_printf_percent$$00000017  c_w.l(_printf_percent_end.o)
    0x080001c0   0x080001c0   0x00000002   Code   RO         2088    .ARM.Collect$$libinit$$00000000  c_w.l(libinit.o)
    0x080001c2   0x080001c2   0x00000000   Code   RO         2101    .ARM.Collect$$libinit$$00000002  c_w.l(libinit2.o)
    0x080001c2   0x080001c2   0x00000000   Code   RO         2103    .ARM.Collect$$libinit$$00000004  c_w.l(libinit2.o)
    0x080001c2   0x080001c2   0x00000000   Code   RO         2106    .ARM.Collect$$libinit$$0000000A  c_w.l(libinit2.o)
    0x080001c2   0x080001c2   0x00000000   Code   RO         2108    .ARM.Collect$$libinit$$0000000C  c_w.l(libinit2.o)
    0x080001c2   0x080001c2   0x00000000   Code   RO         2110    .ARM.Collect$$libinit$$0000000E  c_w.l(libinit2.o)
    0x080001c2   0x080001c2   0x00000000   Code   RO         2113    .ARM.Collect$$libinit$$00000011  c_w.l(libinit2.o)
    0x080001c2   0x080001c2   0x00000000   Code   RO         2115    .ARM.Collect$$libinit$$00000013  c_w.l(libinit2.o)
    0x080001c2   0x080001c2   0x00000000   Code   RO         2117    .ARM.Collect$$libinit$$00000015  c_w.l(libinit2.o)
    0x080001c2   0x080001c2   0x00000000   Code   RO         2119    .ARM.Collect$$libinit$$00000017  c_w.l(libinit2.o)
    0x080001c2   0x080001c2   0x00000000   Code   RO         2121    .ARM.Collect$$libinit$$00000019  c_w.l(libinit2.o)
    0x080001c2   0x080001c2   0x00000000   Code   RO         2123    .ARM.Collect$$libinit$$0000001B  c_w.l(libinit2.o)
    0x080001c2   0x080001c2   0x00000000   Code   RO         2125    .ARM.Collect$$libinit$$0000001D  c_w.l(libinit2.o)
    0x080001c2   0x080001c2   0x00000000   Code   RO         2127    .ARM.Collect$$libinit$$0000001F  c_w.l(libinit2.o)
    0x080001c2   0x080001c2   0x00000000   Code   RO         2129    .ARM.Collect$$libinit$$00000021  c_w.l(libinit2.o)
    0x080001c2   0x080001c2   0x00000000   Code   RO         2131    .ARM.Collect$$libinit$$00000023  c_w.l(libinit2.o)
    0x080001c2   0x080001c2   0x00000000   Code   RO         2133    .ARM.Collect$$libinit$$00000025  c_w.l(libinit2.o)
    0x080001c2   0x080001c2   0x00000000   Code   RO         2137    .ARM.Collect$$libinit$$0000002C  c_w.l(libinit2.o)
    0x080001c2   0x080001c2   0x00000000   Code   RO         2139    .ARM.Collect$$libinit$$0000002E  c_w.l(libinit2.o)
    0x080001c2   0x080001c2   0x00000000   Code   RO         2141    .ARM.Collect$$libinit$$00000030  c_w.l(libinit2.o)
    0x080001c2   0x080001c2   0x00000000   Code   RO         2143    .ARM.Collect$$libinit$$00000032  c_w.l(libinit2.o)
    0x080001c2   0x080001c2   0x00000002   Code   RO         2144    .ARM.Collect$$libinit$$00000033  c_w.l(libinit2.o)
    0x080001c4   0x080001c4   0x00000002   Code   RO         2170    .ARM.Collect$$libshutdown$$00000000  c_w.l(libshutdown.o)
    0x080001c6   0x080001c6   0x00000000   Code   RO         2197    .ARM.Collect$$libshutdown$$00000002  c_w.l(libshutdown2.o)
    0x080001c6   0x080001c6   0x00000000   Code   RO         2199    .ARM.Collect$$libshutdown$$00000004  c_w.l(libshutdown2.o)
    0x080001c6   0x080001c6   0x00000000   Code   RO         2202    .ARM.Collect$$libshutdown$$00000007  c_w.l(libshutdown2.o)
    0x080001c6   0x080001c6   0x00000000   Code   RO         2205    .ARM.Collect$$libshutdown$$0000000A  c_w.l(libshutdown2.o)
    0x080001c6   0x080001c6   0x00000000   Code   RO         2207    .ARM.Collect$$libshutdown$$0000000C  c_w.l(libshutdown2.o)
    0x080001c6   0x080001c6   0x00000000   Code   RO         2210    .ARM.Collect$$libshutdown$$0000000F  c_w.l(libshutdown2.o)
    0x080001c6   0x080001c6   0x00000002   Code   RO         2211    .ARM.Collect$$libshutdown$$00000010  c_w.l(libshutdown2.o)
    0x080001c8   0x080001c8   0x00000000   Code   RO         2031    .ARM.Collect$$rtentry$$00000000  c_w.l(__rtentry.o)
    0x080001c8   0x080001c8   0x00000000   Code   RO         2051    .ARM.Collect$$rtentry$$00000002  c_w.l(__rtentry2.o)
    0x080001c8   0x080001c8   0x00000006   Code   RO         2063    .ARM.Collect$$rtentry$$00000004  c_w.l(__rtentry4.o)
    0x080001ce   0x080001ce   0x00000000   Code   RO         2053    .ARM.Collect$$rtentry$$00000009  c_w.l(__rtentry2.o)
    0x080001ce   0x080001ce   0x00000004   Code   RO         2054    .ARM.Collect$$rtentry$$0000000A  c_w.l(__rtentry2.o)
    0x080001d2   0x080001d2   0x00000000   Code   RO         2056    .ARM.Collect$$rtentry$$0000000C  c_w.l(__rtentry2.o)
    0x080001d2   0x080001d2   0x00000008   Code   RO         2057    .ARM.Collect$$rtentry$$0000000D  c_w.l(__rtentry2.o)
    0x080001da   0x080001da   0x00000002   Code   RO         2092    .ARM.Collect$$rtexit$$00000000  c_w.l(rtexit.o)
    0x080001dc   0x080001dc   0x00000000   Code   RO         2146    .ARM.Collect$$rtexit$$00000002  c_w.l(rtexit2.o)
    0x080001dc   0x080001dc   0x00000004   Code   RO         2147    .ARM.Collect$$rtexit$$00000003  c_w.l(rtexit2.o)
    0x080001e0   0x080001e0   0x00000006   Code   RO         2148    .ARM.Collect$$rtexit$$00000004  c_w.l(rtexit2.o)
    0x080001e6   0x080001e6   0x00000002   PAD
    0x080001e8   0x080001e8   0x00000040   Code   RO            4    .text               startup_stm32f10x_hd.o
    0x08000228   0x08000228   0x000001e0   Code   RO           27    .text               system_stm32f10x.o
    0x08000408   0x08000408   0x00000144   Code   RO          142    .text               main.o
    0x0800054c   0x0800054c   0x00000016   Code   RO          273    .text               stm32f10x_it.o
    0x08000562   0x08000562   0x00000002   PAD
    0x08000564   0x08000564   0x00000140   Code   RO          401    .text               los_priqueue.o
    0x080006a4   0x080006a4   0x000008d0   Code   RO          448    .text               los_swtmr.o
    0x08000f74   0x08000f74   0x0000015c   Code   RO          564    .text               los_sys.o
    0x080010d0   0x080010d0   0x00001254   Code   RO          591    .text               los_task.o
    0x08002324   0x08002324   0x00000030   Code   RO          646    .text               los_tick.o
    0x08002354   0x08002354   0x00000058   Code   RO          685    .text               los_timeslice.o
    0x080023ac   0x080023ac   0x000003f4   Code   RO          759    .text               los_mux.o
    0x080027a0   0x080027a0   0x00000880   Code   RO          809    .text               los_queue.o
    0x08003020   0x08003020   0x000003e4   Code   RO          853    .text               los_sem.o
    0x08003404   0x08003404   0x0000040c   Code   RO          886    .text               los_heap.o
    0x08003810   0x08003810   0x0000031a   Code   RO          961    .text               los_slab.o
    0x08003b2a   0x08003b2a   0x0000032e   Code   RO          993    .text               los_slabmem.o
    0x08003e58   0x08003e58   0x000001ac   Code   RO         1017    .text               los_membox.o
    0x08004004   0x08004004   0x00000046   Code   RO         1041    .text               los_misc.o
    0x0800404a   0x0800404a   0x00000002   PAD
    0x0800404c   0x0800404c   0x00000044   Code   RO         1065    .text               los_err.o
    0x08004090   0x08004090   0x00000178   Code   RO         1129    .text               los_init.o
    0x08004208   0x08004208   0x00000354   Code   RO         1160    .text               los_memory.o
    0x0800455c   0x0800455c   0x000000cc   Code   RO         1184    .text               los_dispatch_keil.o
    0x08004628   0x08004628   0x000000fc   Code   RO         1190    .text               los_hw.o
    0x08004724   0x08004724   0x000001a8   Code   RO         1214    .text               los_hw_tick.o
    0x080048cc   0x080048cc   0x00000034   Code   RO         1242    .text               los_hwi.o
    0x08004900   0x08004900   0x00000408   Code   RO         1293    .text               stm32f10x_usart.o
    0x08004d08   0x08004d08   0x000003a4   Code   RO         1413    .text               stm32f10x_rcc.o
    0x080050ac   0x080050ac   0x0000035c   Code   RO         1511    .text               stm32f10x_gpio.o
    0x08005408   0x08005408   0x000000dc   Code   RO         1799    .text               misc.o
    0x080054e4   0x080054e4   0x0000004c   Code   RO         1823    .text               led.o
    0x08005530   0x08005530   0x00000104   Code   RO         1847    .text               delay.o
    0x08005634   0x08005634   0x00000148   Code   RO         1901    .text               usart.o
    0x0800577c   0x0800577c   0x00000002   Code   RO         1935    .text               c_w.l(use_no_semi_2.o)
    0x0800577e   0x0800577e   0x000000ee   Code   RO         1937    .text               c_w.l(lludivv7m.o)
    0x0800586c   0x0800586c   0x00000018   Code   RO         1941    .text               c_w.l(noretval__2printf.o)
    0x08005884   0x08005884   0x0000004e   Code   RO         1945    .text               c_w.l(_printf_pad.o)
    0x080058d2   0x080058d2   0x00000052   Code   RO         1947    .text               c_w.l(_printf_str.o)
    0x08005924   0x08005924   0x00000078   Code   RO         1949    .text               c_w.l(_printf_dec.o)
    0x0800599c   0x0800599c   0x0000007c   Code   RO         1963    .text               c_w.l(_printf_hex_int_ptr.o)
    0x08005a18   0x08005a18   0x00000138   Code   RO         1984    .text               c_w.l(__printf_flags_wp.o)
    0x08005b50   0x08005b50   0x0000008a   Code   RO         1997    .text               c_w.l(rt_memcpy_v6.o)
    0x08005bda   0x08005bda   0x00000010   Code   RO         1999    .text               c_w.l(aeabi_memset.o)
    0x08005bea   0x08005bea   0x00000044   Code   RO         2001    .text               c_w.l(rt_memclr.o)
    0x08005c2e   0x08005c2e   0x0000004e   Code   RO         2003    .text               c_w.l(rt_memclr_w.o)
    0x08005c7c   0x08005c7c   0x00000056   Code   RO         2005    .text               c_w.l(strncpy.o)
    0x08005cd2   0x08005cd2   0x00000006   Code   RO         2007    .text               c_w.l(heapauxi.o)
    0x08005cd8   0x08005cd8   0x00000002   Code   RO         2029    .text               c_w.l(use_no_semi.o)
    0x08005cda   0x08005cda   0x000000b2   Code   RO         2036    .text               c_w.l(_printf_intcommon.o)
    0x08005d8c   0x08005d8c   0x0000002c   Code   RO         2038    .text               c_w.l(_printf_char.o)
    0x08005db8   0x08005db8   0x00000024   Code   RO         2040    .text               c_w.l(_printf_char_file.o)
    0x08005ddc   0x08005ddc   0x00000064   Code   RO         2043    .text               c_w.l(rt_memcpy_w.o)
    0x08005e40   0x08005e40   0x00000030   Code   RO         2067    .text               c_w.l(_printf_char_common.o)
    0x08005e70   0x08005e70   0x00000008   Code   RO         2069    .text               c_w.l(ferror.o)
    0x08005e78   0x08005e78   0x0000004a   Code   RO         2073    .text               c_w.l(sys_stackheap_outer.o)
    0x08005ec2   0x08005ec2   0x00000012   Code   RO         2077    .text               c_w.l(exit.o)
    0x08005ed4   0x08005ed4   0x00000008   Code   RO         2089    .text               c_w.l(libspace.o)
    0x08005edc   0x08005edc   0x0000000e   Code   RO         1982    i._is_digit         c_w.l(__printf_wp.o)
    0x08005eea   0x08005eea   0x00000006   Code   RO          979    i.osAtomicBitsetGetNumBits  los_slab.o
    0x08005ef0   0x08005ef0   0x000002b0   Code   RO         2012    x$fpl$ddiv          fz_ws.l(ddiv.o)
    0x080061a0   0x080061a0   0x00000026   Code   RO         2019    x$fpl$dfltu         fz_ws.l(dflt_clz.o)
    0x080061c6   0x080061c6   0x00000002   PAD
    0x080061c8   0x080061c8   0x0000008a   Code   RO         2026    x$fpl$dfltull       fz_ws.l(dfltll_clz.o)
    0x08006252   0x08006252   0x0000009c   Code   RO         2045    x$fpl$dnaninf       fz_ws.l(dnaninf.o)
    0x080062ee   0x080062ee   0x0000000c   Code   RO         2047    x$fpl$dretinf       fz_ws.l(dretinf.o)
    0x080062fa   0x080062fa   0x00000002   PAD
    0x080062fc   0x080062fc   0x00000078   Code   RO         2015    x$fpl$llufromd      fz_ws.l(dfixull.o)
    0x08006374   0x08006374   0x00000000   Code   RO         2049    x$fpl$usenofp       fz_ws.l(usenofp.o)
    0x08006374   0x08006374   0x00000028   Data   RO         1964    .constdata          c_w.l(_printf_hex_int_ptr.o)
    0x0800639c   0x0800639c   0x00000011   Data   RO         1985    .constdata          c_w.l(__printf_flags_wp.o)
    0x080063ad   0x080063ad   0x00000003   PAD
    0x080063b0   0x080063b0   0x00000150   Data   RO          593    .conststring        los_task.o
    0x08006500   0x08006500   0x00000020   Data   RO         2212    Region$$Table       anon$$obj.o


    Execution Region RW_IRAM1 (Exec base: 0x20000000, Load base: 0x08006520, Size: 0x000009d0, Max: 0x00010000, ABSOLUTE)

    Exec Addr    Load Addr    Size         Type   Attr      Idx    E Section Name        Object

    0x20000000   0x08006520   0x00000014   Data   RW           28    .data               system_stm32f10x.o
    0x20000014   0x08006534   0x00000004   Data   RW          143    .data               main.o
    0x20000018   0x08006538   0x00000008   Data   RW          402    .data               los_priqueue.o
    0x20000020   0x08006540   0x0000001c   Data   RW          450    .data               los_swtmr.o
    0x2000003c   0x0800655c   0x00000048   Data   RW          594    .data               los_task.o
    0x20000084   0x080065a4   0x00000004   PAD
    0x20000088   0x080065a8   0x0000001c   Data   RW          647    .data               los_tick.o
    0x200000a4   0x080065c4   0x00000008   Data   RW          686    .data               los_timeslice.o
    0x200000ac   0x080065cc   0x0000000c   Data   RW          760    .data               los_mux.o
    0x200000b8   0x080065d8   0x0000000c   Data   RW          810    .data               los_queue.o
    0x200000c4   0x080065e4   0x0000000c   Data   RW          854    .data               los_sem.o
    0x200000d0   0x080065f0   0x00000010   Data   RW          887    .data               los_heap.o
    0x200000e0   0x08006600   0x00000004   Data   RW         1066    .data               los_err.o
    0x200000e4   0x08006604   0x00000004   Data   RW         1130    .data               los_init.o
    0x200000e8   0x08006608   0x00000004   Data   RW         1161    .data               los_memory.o
    0x200000ec   0x0800660c   0x00000014   Data   RW         1414    .data               stm32f10x_rcc.o
    0x20000100   0x08006620   0x00000004   Data   RW         1848    .data               delay.o
    0x20000104   0x08006624   0x00000006   Data   RW         1903    .data               usart.o
    0x2000010a   0x0800662a   0x00000002   PAD
    0x2000010c        -       0x00000040   Zero   RW          449    .bss                los_swtmr.o
    0x2000014c        -       0x00000156   Zero   RW          592    .bss                los_task.o
    0x200002a2        -       0x000000c8   Zero   RW         1902    .bss                usart.o
    0x2000036a   0x0800662a   0x00000002   PAD
    0x2000036c        -       0x00000060   Zero   RW         2090    .bss                c_w.l(libspace.o)
    0x200003cc   0x0800662a   0x00000004   PAD
    0x200003d0        -       0x00000200   Zero   RW            2    HEAP                startup_stm32f10x_hd.o
    0x200005d0        -       0x00000400   Zero   RW            1    STACK               startup_stm32f10x_hd.o


==============================================================================

Image component sizes


      Code (inc. data)   RO Data    RW Data    ZI Data      Debug   Object Name

         0          0          0          0          0       3160   cmsis_liteos.o
         0          0          0          0          0       4508   core_cm3.o
       260         20          0          4          0       1577   delay.o
        76          8          0          0          0        447   led.o
       204         24          0          0          0        388   los_dispatch_keil.o
        68         10          0          4          0       2230   los_err.o
      1036         92          0         16          0       5218   los_heap.o
       252         14          0          0          0       1721   los_hw.o
       424         28          0          0          0      23965   los_hw_tick.o
        52         10          0          0          0       2050   los_hwi.o
       376        134          0          4          0       1749   los_init.o
       428          4          0          0          0       3782   los_membox.o
       852         70          0          4          0       5443   los_memory.o
        70          0          0          0          0        799   los_misc.o
      1012         94          0         12          0      13288   los_mux.o
       320         14          0          8          0      11594   los_priqueue.o
      2176         86          0         12          0      20637   los_queue.o
       996        128          0         12          0       5340   los_sem.o
       800          0          0          0          0       7478   los_slab.o
       814          0          0          0          0       5088   los_slabmem.o
      2256         84          0         28         64      25941   los_swtmr.o
       348         20          0          0          0       2413   los_sys.o
      4692        504        336         72        342      24720   los_task.o
        48          8          0         28          0       1088   los_tick.o
        88         12          0          8          0        863   los_timeslice.o
       324        124          0          4          0     217078   main.o
       220         22          0          0          0       1689   misc.o
        64         26        304          0       1536        820   startup_stm32f10x_hd.o
       860         38          0          0          0       5625   stm32f10x_gpio.o
        22          0          0          0          0        979   stm32f10x_it.o
       932         36          0         20          0       8760   stm32f10x_rcc.o
      1032         22          0          0          0       8348   stm32f10x_usart.o
       480         38          0         20          0      24855   system_stm32f10x.o
       328         18          0          6        200       3034   usart.o

    ----------------------------------------------------------------------
     21914       1688        672        268       2144     446675   Object Totals
         0          0         32          0          0          0   (incl. Generated)
         4          0          0          6          2          0   (incl. Padding)

    ----------------------------------------------------------------------

      Code (inc. data)   RO Data    RW Data    ZI Data      Debug   Library Member Name

         8          0          0          0          0         68   __main.o
       312          4         17          0          0         92   __printf_flags_wp.o
        14          0          0          0          0         68   __printf_wp.o
         0          0          0          0          0          0   __rtentry.o
        12          0          0          0          0          0   __rtentry2.o
         6          0          0          0          0          0   __rtentry4.o
        52          8          0          0          0          0   __scatter.o
        26          0          0          0          0          0   __scatter_copy.o
        28          0          0          0          0          0   __scatter_zi.o
        44          0          0          0          0        108   _printf_char.o
        48          6          0          0          0         96   _printf_char_common.o
        36          4          0          0          0         80   _printf_char_file.o
         6          0          0          0          0          0   _printf_d.o
       120         16          0          0          0         92   _printf_dec.o
       124          4         40          0          0        144   _printf_hex_int_ptr.o
       178          0          0          0          0         88   _printf_intcommon.o
         6          0          0          0          0          0   _printf_p.o
        78          0          0          0          0        108   _printf_pad.o
         0          0          0          0          0          0   _printf_percent.o
         4          0          0          0          0          0   _printf_percent_end.o
         6          0          0          0          0          0   _printf_s.o
        82          0          0          0          0         80   _printf_str.o
         6          0          0          0          0          0   _printf_x.o
        16          0          0          0          0         68   aeabi_memset.o
        18          0          0          0          0         80   exit.o
         8          0          0          0          0         68   ferror.o
         6          0          0          0          0        152   heapauxi.o
         2          0          0          0          0          0   libinit.o
         2          0          0          0          0          0   libinit2.o
         2          0          0          0          0          0   libshutdown.o
         2          0          0          0          0          0   libshutdown2.o
         8          4          0          0         96         68   libspace.o
       238          0          0          0          0        100   lludivv7m.o
        24          4          0          0          0         84   noretval__2printf.o
        68          0          0          0          0         68   rt_memclr.o
        78          0          0          0          0         80   rt_memclr_w.o
       138          0          0          0          0         68   rt_memcpy_v6.o
       100          0          0          0          0         80   rt_memcpy_w.o
         2          0          0          0          0          0   rtexit.o
        10          0          0          0          0          0   rtexit2.o
        86          0          0          0          0         76   strncpy.o
        74          0          0          0          0         80   sys_stackheap_outer.o
         2          0          0          0          0         68   use_no_semi.o
         2          0          0          0          0         68   use_no_semi_2.o
       688        140          0          0          0        208   ddiv.o
       120          4          0          0          0        104   dfixull.o
        38          0          0          0          0         68   dflt_clz.o
       138          0          0          0          0         84   dfltll_clz.o
       156          4          0          0          0         92   dnaninf.o
        12          0          0          0          0         68   dretinf.o
         0          0          0          0          0          0   usenofp.o

    ----------------------------------------------------------------------
      3242        198         60          0        100       2856   Library Totals
         8          0          3          0          4          0   (incl. Padding)

    ----------------------------------------------------------------------

      Code (inc. data)   RO Data    RW Data    ZI Data      Debug   Library Name

      2082         50         57          0         96       2232   c_w.l
      1152        148          0          0          0        624   fz_ws.l

    ----------------------------------------------------------------------
      3242        198         60          0        100       2856   Library Totals

    ----------------------------------------------------------------------

==============================================================================


      Code (inc. data)   RO Data    RW Data    ZI Data      Debug   

     25156       1886        732        268       2244     445575   Grand Totals
     25156       1886        732        268       2244     445575   ELF Image Totals
     25156       1886        732        268          0          0   ROM Totals

==============================================================================

    Total RO  Size (Code + RO Data)                25888 (  25.28kB)
    Total RW  Size (RW Data + ZI Data)              2512 (   2.45kB)
    Total ROM Size (Code + RO Data + RW Data)      26156 (  25.54kB)

==============================================================================

